Archive member included to satisfy reference by file (symbol)

/Applications/Ac6/SystemWorkbench.app/Contents/Eclipse/plugins/fr.ac6.mcu.externaltools.arm-none.macos64_1.13.1.201707031232/tools/compiler/bin/../lib/gcc/arm-none-eabi/5.4.1/../../../../arm-none-eabi/lib/armv7e-m/fpu/libm.a(lib_a-wf_atan2.o)
                              Src/main.o (atan2f)
/Applications/Ac6/SystemWorkbench.app/Contents/Eclipse/plugins/fr.ac6.mcu.externaltools.arm-none.macos64_1.13.1.201707031232/tools/compiler/bin/../lib/gcc/arm-none-eabi/5.4.1/../../../../arm-none-eabi/lib/armv7e-m/fpu/libm.a(lib_a-ef_atan2.o)
                              /Applications/Ac6/SystemWorkbench.app/Contents/Eclipse/plugins/fr.ac6.mcu.externaltools.arm-none.macos64_1.13.1.201707031232/tools/compiler/bin/../lib/gcc/arm-none-eabi/5.4.1/../../../../arm-none-eabi/lib/armv7e-m/fpu/libm.a(lib_a-wf_atan2.o) (__ieee754_atan2f)
/Applications/Ac6/SystemWorkbench.app/Contents/Eclipse/plugins/fr.ac6.mcu.externaltools.arm-none.macos64_1.13.1.201707031232/tools/compiler/bin/../lib/gcc/arm-none-eabi/5.4.1/../../../../arm-none-eabi/lib/armv7e-m/fpu/libm.a(lib_a-sf_atan.o)
                              /Applications/Ac6/SystemWorkbench.app/Contents/Eclipse/plugins/fr.ac6.mcu.externaltools.arm-none.macos64_1.13.1.201707031232/tools/compiler/bin/../lib/gcc/arm-none-eabi/5.4.1/../../../../arm-none-eabi/lib/armv7e-m/fpu/libm.a(lib_a-ef_atan2.o) (atanf)
/Applications/Ac6/SystemWorkbench.app/Contents/Eclipse/plugins/fr.ac6.mcu.externaltools.arm-none.macos64_1.13.1.201707031232/tools/compiler/bin/../lib/gcc/arm-none-eabi/5.4.1/../../../../arm-none-eabi/lib/armv7e-m/fpu/libm.a(lib_a-sf_fabs.o)
                              /Applications/Ac6/SystemWorkbench.app/Contents/Eclipse/plugins/fr.ac6.mcu.externaltools.arm-none.macos64_1.13.1.201707031232/tools/compiler/bin/../lib/gcc/arm-none-eabi/5.4.1/../../../../arm-none-eabi/lib/armv7e-m/fpu/libm.a(lib_a-ef_atan2.o) (fabsf)
/Applications/Ac6/SystemWorkbench.app/Contents/Eclipse/plugins/fr.ac6.mcu.externaltools.arm-none.macos64_1.13.1.201707031232/tools/compiler/bin/../lib/gcc/arm-none-eabi/5.4.1/armv7e-m/fpu/libgcc.a(_arm_addsubdf3.o)
                              Src/main.o (__aeabi_dadd)
/Applications/Ac6/SystemWorkbench.app/Contents/Eclipse/plugins/fr.ac6.mcu.externaltools.arm-none.macos64_1.13.1.201707031232/tools/compiler/bin/../lib/gcc/arm-none-eabi/5.4.1/armv7e-m/fpu/libgcc.a(_arm_muldivdf3.o)
                              Src/main.o (__aeabi_dmul)
/Applications/Ac6/SystemWorkbench.app/Contents/Eclipse/plugins/fr.ac6.mcu.externaltools.arm-none.macos64_1.13.1.201707031232/tools/compiler/bin/../lib/gcc/arm-none-eabi/5.4.1/armv7e-m/fpu/libgcc.a(_arm_truncdfsf2.o)
                              Src/main.o (__aeabi_d2f)
/Applications/Ac6/SystemWorkbench.app/Contents/Eclipse/plugins/fr.ac6.mcu.externaltools.arm-none.macos64_1.13.1.201707031232/tools/compiler/bin/../lib/gcc/arm-none-eabi/5.4.1/../../../../arm-none-eabi/lib/armv7e-m/fpu/libc_nano.a(lib_a-exit.o)
                              /Applications/Ac6/SystemWorkbench.app/Contents/Eclipse/plugins/fr.ac6.mcu.externaltools.arm-none.macos64_1.13.1.201707031232/tools/compiler/bin/../lib/gcc/arm-none-eabi/5.4.1/../../../../arm-none-eabi/lib/armv7e-m/fpu/crt0.o (exit)
/Applications/Ac6/SystemWorkbench.app/Contents/Eclipse/plugins/fr.ac6.mcu.externaltools.arm-none.macos64_1.13.1.201707031232/tools/compiler/bin/../lib/gcc/arm-none-eabi/5.4.1/../../../../arm-none-eabi/lib/armv7e-m/fpu/libc_nano.a(lib_a-impure.o)
                              /Applications/Ac6/SystemWorkbench.app/Contents/Eclipse/plugins/fr.ac6.mcu.externaltools.arm-none.macos64_1.13.1.201707031232/tools/compiler/bin/../lib/gcc/arm-none-eabi/5.4.1/../../../../arm-none-eabi/lib/armv7e-m/fpu/libc_nano.a(lib_a-exit.o) (_global_impure_ptr)
/Applications/Ac6/SystemWorkbench.app/Contents/Eclipse/plugins/fr.ac6.mcu.externaltools.arm-none.macos64_1.13.1.201707031232/tools/compiler/bin/../lib/gcc/arm-none-eabi/5.4.1/../../../../arm-none-eabi/lib/armv7e-m/fpu/libc_nano.a(lib_a-init.o)
                              /Applications/Ac6/SystemWorkbench.app/Contents/Eclipse/plugins/fr.ac6.mcu.externaltools.arm-none.macos64_1.13.1.201707031232/tools/compiler/bin/../lib/gcc/arm-none-eabi/5.4.1/../../../../arm-none-eabi/lib/armv7e-m/fpu/crt0.o (__libc_init_array)
/Applications/Ac6/SystemWorkbench.app/Contents/Eclipse/plugins/fr.ac6.mcu.externaltools.arm-none.macos64_1.13.1.201707031232/tools/compiler/bin/../lib/gcc/arm-none-eabi/5.4.1/../../../../arm-none-eabi/lib/armv7e-m/fpu/libc_nano.a(lib_a-memcpy-stub.o)
                              Src/usbd_cdc_if.o (memcpy)
/Applications/Ac6/SystemWorkbench.app/Contents/Eclipse/plugins/fr.ac6.mcu.externaltools.arm-none.macos64_1.13.1.201707031232/tools/compiler/bin/../lib/gcc/arm-none-eabi/5.4.1/../../../../arm-none-eabi/lib/armv7e-m/fpu/libc_nano.a(lib_a-memset.o)
[...]
Memory Configuration

Name             Origin             Length             Attributes
RAM              0x0000000020000000 0x000000000000a000 xrw
CCMRAM           0x0000000010000000 0x0000000000002000 rw
FLASH            0x0000000008000000 0x0000000000040000 xr
*default*        0x0000000000000000 0xffffffffffffffff

Linker script and memory map

LOAD /Applications/Ac6/SystemWorkbench.app/Contents/Eclipse/plugins/fr.ac6.mcu.externaltools.arm-none.macos64_1.13.1.201707031232/tools/compiler/bin/../lib/gcc/arm-none-eabi/5.4.1/armv7e-m/fpu/crti.o
LOAD /Applications/Ac6/SystemWorkbench.app/Contents/Eclipse/plugins/fr.ac6.mcu.externaltools.arm-none.macos64_1.13.1.201707031232/tools/compiler/bin/../lib/gcc/arm-none-eabi/5.4.1/armv7e-m/fpu/crtbegin.o
LOAD /Applications/Ac6/SystemWorkbench.app/Contents/Eclipse/plugins/fr.ac6.mcu.externaltools.arm-none.macos64_1.13.1.201707031232/tools/compiler/bin/../lib/gcc/arm-none-eabi/5.4.1/../../../../arm-none-eabi/lib/armv7e-m/fpu/crt0.o
LOAD Drivers/STM32F3xx_HAL_Driver/Src/stm32f3xx_hal.o
LOAD Drivers/STM32F3xx_HAL_Driver/Src/stm32f3xx_hal_cortex.o
LOAD Drivers/STM32F3xx_HAL_Driver/Src/stm32f3xx_hal_dma.o
LOAD Drivers/STM32F3xx_HAL_Driver/Src/stm32f3xx_hal_flash.o
LOAD Drivers/STM32F3xx_HAL_Driver/Src/stm32f3xx_hal_flash_ex.o
LOAD Drivers/STM32F3xx_HAL_Driver/Src/stm32f3xx_hal_gpio.o
LOAD Drivers/STM32F3xx_HAL_Driver/Src/stm32f3xx_hal_i2c.o
LOAD Drivers/STM32F3xx_HAL_Driver/Src/stm32f3xx_hal_i2c_ex.o
LOAD Drivers/STM32F3xx_HAL_Driver/Src/stm32f3xx_hal_pcd.o
LOAD Drivers/STM32F3xx_HAL_Driver/Src/stm32f3xx_hal_pcd_ex.o
LOAD Drivers/STM32F3xx_HAL_Driver/Src/stm32f3xx_hal_pwr.o
LOAD Drivers/STM32F3xx_HAL_Driver/Src/stm32f3xx_hal_pwr_ex.o
LOAD Drivers/STM32F3xx_HAL_Driver/Src/stm32f3xx_hal_rcc.o
LOAD Drivers/STM32F3xx_HAL_Driver/Src/stm32f3xx_hal_rcc_ex.o
LOAD Drivers/STM32F3xx_HAL_Driver/Src/stm32f3xx_hal_spi.o
LOAD Drivers/STM32F3xx_HAL_Driver/Src/stm32f3xx_hal_spi_ex.o
LOAD Drivers/STM32F3xx_HAL_Driver/Src/stm32f3xx_hal_tim.o
LOAD Drivers/STM32F3xx_HAL_Driver/Src/stm32f3xx_hal_tim_ex.o
LOAD Middlewares/ST/STM32_USB_Device_Library/Class/CDC/Src/usbd_cdc.o
LOAD Middlewares/ST/STM32_USB_Device_Library/Core/Src/usbd_core.o
LOAD Middlewares/ST/STM32_USB_Device_Library/Core/Src/usbd_ctlreq.o
LOAD Middlewares/ST/STM32_USB_Device_Library/Core/Src/usbd_ioreq.o
LOAD STM32F3-Discovery/Components/l3gd20/l3gd20.o
LOAD STM32F3-Discovery/Components/lsm303dlhc/lsm303dlhc.o
LOAD STM32F3-Discovery/Src/stm32f3_discovery.o
LOAD STM32F3-Discovery/Src/stm32f3_discovery_accelerometer.o
LOAD STM32F3-Discovery/Src/stm32f3_discovery_gyroscope.o
LOAD Src/main.o
LOAD Src/pid.o
LOAD Src/stm32f3xx_hal_msp.o
LOAD Src/stm32f3xx_it.o
LOAD Src/system_stm32f3xx.o
LOAD Src/usb_device.o
LOAD Src/usbd_cdc_if.o
LOAD Src/usbd_conf.o
LOAD Src/usbd_desc.o
LOAD startup/startup_stm32f303xc.o
LOAD /Applications/Ac6/SystemWorkbench.app/Contents/Eclipse/plugins/fr.ac6.mcu.externaltools.arm-none.macos64_1.13.1.201707031232/tools/compiler/bin/../lib/gcc/arm-none-eabi/5.4.1/../../../../arm-none-eabi/lib/armv7e-m/fpu/libm.a
START GROUP
LOAD /Applications/Ac6/SystemWorkbench.app/Contents/Eclipse/plugins/fr.ac6.mcu.externaltools.arm-none.macos64_1.13.1.201707031232/tools/compiler/bin/../lib/gcc/arm-none-eabi/5.4.1/armv7e-m/fpu/libgcc.a
LOAD /Applications/Ac6/SystemWorkbench.app/Contents/Eclipse/plugins/fr.ac6.mcu.externaltools.arm-none.macos64_1.13.1.201707031232/tools/compiler/bin/../lib/gcc/arm-none-eabi/5.4.1/../../../../arm-none-eabi/lib/armv7e-m/fpu/libc_nano.a
END GROUP
START GROUP
LOAD /Applications/Ac6/SystemWorkbench.app/Contents/Eclipse/plugins/fr.ac6.mcu.externaltools.arm-none.macos64_1.13.1.201707031232/tools/compiler/bin/../lib/gcc/arm-none-eabi/5.4.1/armv7e-m/fpu/libgcc.a
LOAD /Applications/Ac6/SystemWorkbench.app/Contents/Eclipse/plugins/fr.ac6.mcu.externaltools.arm-none.macos64_1.13.1.201707031232/tools/compiler/bin/../lib/gcc/arm-none-eabi/5.4.1/../../../../arm-none-eabi/lib/armv7e-m/fpu/libc_nano.a
LOAD /Applications/Ac6/SystemWorkbench.app/Contents/Eclipse/plugins/fr.ac6.mcu.externaltools.arm-none.macos64_1.13.1.201707031232/tools/compiler/bin/../lib/gcc/arm-none-eabi/5.4.1/../../../../arm-none-eabi/lib/armv7e-m/fpu/libnosys.a
END GROUP
START GROUP
LOAD /Applications/Ac6/SystemWorkbench.app/Contents/Eclipse/plugins/fr.ac6.mcu.externaltools.arm-none.macos64_1.13.1.201707031232/tools/compiler/bin/../lib/gcc/arm-none-eabi/5.4.1/armv7e-m/fpu/libgcc.a
LOAD /Applications/Ac6/SystemWorkbench.app/Contents/Eclipse/plugins/fr.ac6.mcu.externaltools.arm-none.macos64_1.13.1.201707031232/tools/compiler/bin/../lib/gcc/arm-none-eabi/5.4.1/../../../../arm-none-eabi/lib/armv7e-m/fpu/libc_nano.a
LOAD /Applications/Ac6/SystemWorkbench.app/Contents/Eclipse/plugins/fr.ac6.mcu.externaltools.arm-none.macos64_1.13.1.201707031232/tools/compiler/bin/../lib/gcc/arm-none-eabi/5.4.1/../../../../arm-none-eabi/lib/armv7e-m/fpu/libnosys.a
END GROUP
LOAD /Applications/Ac6/SystemWorkbench.app/Contents/Eclipse/plugins/fr.ac6.mcu.externaltools.arm-none.macos64_1.13.1.201707031232/tools/compiler/bin/../lib/gcc/arm-none-eabi/5.4.1/armv7e-m/fpu/crtend.o
LOAD /Applications/Ac6/SystemWorkbench.app/Contents/Eclipse/plugins/fr.ac6.mcu.externaltools.arm-none.macos64_1.13.1.201707031232/tools/compiler/bin/../lib/gcc/arm-none-eabi/5.4.1/armv7e-m/fpu/crtn.o
                0x000000002000a000                _estack = 0x2000a000
                0x0000000000000200                _Min_Heap_Size = 0x200
                0x0000000000000400                _Min_Stack_Size = 0x400

.isr_vector     0x0000000008000000      0x188
                0x0000000008000000                . = ALIGN (0x4)
 *(.isr_vector)
 .isr_vector    0x0000000008000000      0x188 startup/startup_stm32f303xc.o
                0x0000000008000000                g_pfnVectors
                0x0000000008000188                . = ALIGN (0x4)

.text           0x0000000008000190     0x7acc
                0x0000000008000190                . = ALIGN (0x4)
 *(.text)
 .text          0x0000000008000190       0x5c /Applications/Ac6/SystemWorkbench.app/Contents/Eclipse/plugins/fr.ac6.mcu.externaltools.arm-none.macos64_1.13.1.201707031232/tools/compiler/bin/../lib/gcc/arm-none-eabi/5.4.1/armv7e-m/fpu/crtbegin.o
 .text          0x00000000080001ec      0x370 /Applications/Ac6/SystemWorkbench.app/Contents/Eclipse/plugins/fr.ac6.mcu.externaltools.arm-none.macos64_1.13.1.201707031232/tools/compiler/bin/../lib/gcc/arm-none-eabi/5.4.1/armv7e-m/fpu/libgcc.a(_arm_addsubdf3.o)
                0x00000000080001ec                __aeabi_drsub
                0x00000000080001f4                __subdf3
                0x00000000080001f4                __aeabi_dsub
                0x00000000080001f8                __aeabi_dadd
                0x00000000080001f8                __adddf3
                0x0000000008000470                __aeabi_ui2d
                0x0000000008000470                __floatunsidf
                0x0000000008000490                __floatsidf
                0x0000000008000490                __aeabi_i2d
                0x00000000080004b4                __extendsfdf2
                0x00000000080004b4                __aeabi_f2d
                0x00000000080004f0                __aeabi_ul2d
                0x00000000080004f0                __floatundidf
                0x0000000008000500                __aeabi_l2d
                0x0000000008000500                __floatdidf
 .text          0x000000000800055c      0x424 /Applications/Ac6/SystemWorkbench.app/Contents/Eclipse/plugins/fr.ac6.mcu.externaltools.arm-none.macos64_1.13.1.201707031232/tools/compiler/bin/../lib/gcc/arm-none-eabi/5.4.1/armv7e-m/fpu/libgcc.a(_arm_muldivdf3.o)
                0x000000000800055c                __aeabi_dmul
                0x000000000800055c                __muldf3
                0x00000000080007b0                __aeabi_ddiv
                0x00000000080007b0                __divdf3
 .text          0x0000000008000980       0xa0 /Applications/Ac6/SystemWorkbench.app/Contents/Eclipse/plugins/fr.ac6.mcu.externaltools.arm-none.macos64_1.13.1.201707031232/tools/compiler/bin/../lib/gcc/arm-none-eabi/5.4.1/armv7e-m/fpu/libgcc.a(_arm_truncdfsf2.o)
                0x0000000008000980                __aeabi_d2f
                0x0000000008000980                __truncdfsf2
 .text          0x0000000008000a20       0x14 /Applications/Ac6/SystemWorkbench.app/Contents/Eclipse/plugins/fr.ac6.mcu.externaltools.arm-none.macos64_1.13.1.201707031232/tools/compiler/bin/../lib/gcc/arm-none-eabi/5.4.1/../../../../arm-none-eabi/lib/armv7e-m/fpu/libc_nano.a(lib_a-strcmp.o)
                0x0000000008000a20                strcmp
 .text          0x0000000008000a34       0x10 /Applications/Ac6/SystemWorkbench.app/Contents/Eclipse/plugins/fr.ac6.mcu.externaltools.arm-none.macos64_1.13.1.201707031232/tools/compiler/bin/../lib/gcc/arm-none-eabi/5.4.1/../../../../arm-none-eabi/lib/armv7e-m/fpu/libc_nano.a(lib_a-strlen.o)
                0x0000000008000a34                strlen
 *fill*         0x0000000008000a44        0xc 
 .text          0x0000000008000a50       0xa0 /Applications/Ac6/SystemWorkbench.app/Contents/Eclipse/plugins/fr.ac6.mcu.externaltools.arm-none.macos64_1.13.1.201707031232/tools/compiler/bin/../lib/gcc/arm-none-eabi/5.4.1/../../../../arm-none-eabi/lib/armv7e-m/fpu/libc_nano.a(lib_a-memchr.o)
                0x0000000008000a50                memchr
 *(.text*)
 .text.HAL_InitTick
                0x0000000008000af0       0x2c Drivers/STM32F3xx_HAL_Driver/Src/stm32f3xx_hal.o
                0x0000000008000af0                HAL_InitTick
 .text.HAL_Init
                0x0000000008000b1c       0x24 Drivers/STM32F3xx_HAL_Driver/Src/stm32f3xx_hal.o
                0x0000000008000b1c                HAL_Init
 .text.HAL_IncTick
                0x0000000008000b40       0x10 Drivers/STM32F3xx_HAL_Driver/Src/stm32f3xx_hal.o
                0x0000000008000b40                HAL_IncTick
 .text.HAL_GetTick
                0x0000000008000b50        0xc Drivers/STM32F3xx_HAL_Driver/Src/stm32f3xx_hal.o
                0x0000000008000b50                HAL_GetTick
 .text.HAL_NVIC_SetPriorityGrouping
                0x0000000008000b5c       0x24 Drivers/STM32F3xx_HAL_Driver/Src/stm32f3xx_hal_cortex.o
                0x0000000008000b5c                HAL_NVIC_SetPriorityGrouping
 .text.HAL_NVIC_SetPriority
                0x0000000008000b80       0x64 Drivers/STM32F3xx_HAL_Driver/Src/stm32f3xx_hal_cortex.o
                0x0000000008000b80                HAL_NVIC_SetPriority
 .text.HAL_NVIC_EnableIRQ
                0x0000000008000be4       0x18 Drivers/STM32F3xx_HAL_Driver/Src/stm32f3xx_hal_cortex.o
                0x0000000008000be4                HAL_NVIC_EnableIRQ
 .text.HAL_SYSTICK_Config
                0x0000000008000bfc       0x2c Drivers/STM32F3xx_HAL_Driver/Src/stm32f3xx_hal_cortex.o
                0x0000000008000bfc                HAL_SYSTICK_Config
 .text.HAL_SYSTICK_CLKSourceConfig
                0x0000000008000c28       0x20 Drivers/STM32F3xx_HAL_Driver/Src/stm32f3xx_hal_cortex.o
                0x0000000008000c28                HAL_SYSTICK_CLKSourceConfig
 .text.HAL_SYSTICK_Callback
                0x0000000008000c48        0x4 Drivers/STM32F3xx_HAL_Driver/Src/stm32f3xx_hal_cortex.o
                0x0000000008000c48                HAL_SYSTICK_Callback
 .text.HAL_SYSTICK_IRQHandler
                0x0000000008000c4c        0x8 Drivers/STM32F3xx_HAL_Driver/Src/stm32f3xx_hal_cortex.o
                0x0000000008000c4c                HAL_SYSTICK_IRQHandler
 .text.HAL_GPIO_Init
                0x0000000008000c54      0x194 Drivers/STM32F3xx_HAL_Driver/Src/stm32f3xx_hal_gpio.o
                0x0000000008000c54                HAL_GPIO_Init
 .text.HAL_GPIO_DeInit
                0x0000000008000de8       0xf0 Drivers/STM32F3xx_HAL_Driver/Src/stm32f3xx_hal_gpio.o
                0x0000000008000de8                HAL_GPIO_DeInit
 .text.HAL_GPIO_ReadPin
                0x0000000008000ed8       0x10 Drivers/STM32F3xx_HAL_Driver/Src/stm32f3xx_hal_gpio.o
                0x0000000008000ed8                HAL_GPIO_ReadPin
 .text.HAL_GPIO_WritePin
                0x0000000008000ee8        0xc Drivers/STM32F3xx_HAL_Driver/Src/stm32f3xx_hal_gpio.o
                0x0000000008000ee8                HAL_GPIO_WritePin
 .text.HAL_GPIO_TogglePin
                0x0000000008000ef4        0x8 Drivers/STM32F3xx_HAL_Driver/Src/stm32f3xx_hal_gpio.o
                0x0000000008000ef4                HAL_GPIO_TogglePin
 .text.I2C_Flush_TXDR
                0x0000000008000efc       0x24 Drivers/STM32F3xx_HAL_Driver/Src/stm32f3xx_hal_i2c.o
 .text.I2C_TransferConfig
                0x0000000008000f20       0x24 Drivers/STM32F3xx_HAL_Driver/Src/stm32f3xx_hal_i2c.o
 .text.I2C_IsAcknowledgeFailed
                0x0000000008000f44       0x84 Drivers/STM32F3xx_HAL_Driver/Src/stm32f3xx_hal_i2c.o
 .text.I2C_WaitOnTXISFlagUntilTimeout
                0x0000000008000fc8       0x58 Drivers/STM32F3xx_HAL_Driver/Src/stm32f3xx_hal_i2c.o
 .text.I2C_WaitOnFlagUntilTimeout
                0x0000000008001020       0x4c Drivers/STM32F3xx_HAL_Driver/Src/stm32f3xx_hal_i2c.o
 .text.I2C_RequestMemoryWrite
                0x000000000800106c       0x84 Drivers/STM32F3xx_HAL_Driver/Src/stm32f3xx_hal_i2c.o
 .text.I2C_RequestMemoryRead
                0x00000000080010f0       0x80 Drivers/STM32F3xx_HAL_Driver/Src/stm32f3xx_hal_i2c.o
 .text.I2C_WaitOnSTOPFlagUntilTimeout
                0x0000000008001170       0x50 Drivers/STM32F3xx_HAL_Driver/Src/stm32f3xx_hal_i2c.o
 .text.HAL_I2C_Init
                0x00000000080011c0       0xbc Drivers/STM32F3xx_HAL_Driver/Src/stm32f3xx_hal_i2c.o
                0x00000000080011c0                HAL_I2C_Init
 .text.HAL_I2C_DeInit
                0x000000000800127c       0x34 Drivers/STM32F3xx_HAL_Driver/Src/stm32f3xx_hal_i2c.o
                0x000000000800127c                HAL_I2C_DeInit
 .text.HAL_I2C_Mem_Write
                0x00000000080012b0      0x1cc Drivers/STM32F3xx_HAL_Driver/Src/stm32f3xx_hal_i2c.o
                0x00000000080012b0                HAL_I2C_Mem_Write
 .text.HAL_I2C_Mem_Read
                0x000000000800147c      0x1cc Drivers/STM32F3xx_HAL_Driver/Src/stm32f3xx_hal_i2c.o
                0x000000000800147c                HAL_I2C_Mem_Read
 .text.HAL_I2C_GetState
                0x0000000008001648        0x8 Drivers/STM32F3xx_HAL_Driver/Src/stm32f3xx_hal_i2c.o
                0x0000000008001648                HAL_I2C_GetState
 .text.HAL_I2CEx_ConfigAnalogFilter
                0x0000000008001650       0x5c Drivers/STM32F3xx_HAL_Driver/Src/stm32f3xx_hal_i2c_ex.o
                0x0000000008001650                HAL_I2CEx_ConfigAnalogFilter
 .text.HAL_I2CEx_ConfigDigitalFilter
                0x00000000080016ac       0x58 Drivers/STM32F3xx_HAL_Driver/Src/stm32f3xx_hal_i2c_ex.o
                0x00000000080016ac                HAL_I2CEx_ConfigDigitalFilter
 .text.HAL_PCD_Init
                0x0000000008001704       0xac Drivers/STM32F3xx_HAL_Driver/Src/stm32f3xx_hal_pcd.o
                0x0000000008001704                HAL_PCD_Init
 .text.HAL_PCD_Start
                0x00000000080017b0        0xc Drivers/STM32F3xx_HAL_Driver/Src/stm32f3xx_hal_pcd.o
                0x00000000080017b0                HAL_PCD_Start
 .text.HAL_PCD_SetAddress
                0x00000000080017bc       0x2c Drivers/STM32F3xx_HAL_Driver/Src/stm32f3xx_hal_pcd.o
                0x00000000080017bc                HAL_PCD_SetAddress
 .text.HAL_PCD_EP_Open
                0x00000000080017e8      0x38c Drivers/STM32F3xx_HAL_Driver/Src/stm32f3xx_hal_pcd.o
                0x00000000080017e8                HAL_PCD_EP_Open
 .text.HAL_PCD_EP_Close
                0x0000000008001b74      0x214 Drivers/STM32F3xx_HAL_Driver/Src/stm32f3xx_hal_pcd.o
                0x0000000008001b74                HAL_PCD_EP_Close
 .text.HAL_PCD_EP_Receive
                0x0000000008001d88      0x184 Drivers/STM32F3xx_HAL_Driver/Src/stm32f3xx_hal_pcd.o
                0x0000000008001d88                HAL_PCD_EP_Receive
 .text.HAL_PCD_EP_GetRxCount
                0x0000000008001f0c       0x14 Drivers/STM32F3xx_HAL_Driver/Src/stm32f3xx_hal_pcd.o
                0x0000000008001f0c                HAL_PCD_EP_GetRxCount
 .text.HAL_PCD_EP_Transmit
                0x0000000008001f20      0x164 Drivers/STM32F3xx_HAL_Driver/Src/stm32f3xx_hal_pcd.o
                0x0000000008001f20                HAL_PCD_EP_Transmit
 .text.PCD_EP_ISR_Handler
                0x0000000008002084      0x494 Drivers/STM32F3xx_HAL_Driver/Src/stm32f3xx_hal_pcd.o
 .text.HAL_PCD_IRQHandler
                0x0000000008002518      0x154 Drivers/STM32F3xx_HAL_Driver/Src/stm32f3xx_hal_pcd.o
                0x0000000008002518                HAL_PCD_IRQHandler
 .text.HAL_PCD_EP_SetStall
                0x000000000800266c       0xbc Drivers/STM32F3xx_HAL_Driver/Src/stm32f3xx_hal_pcd.o
                0x000000000800266c                HAL_PCD_EP_SetStall
 .text.HAL_PCD_EP_ClrStall
                0x0000000008002728       0xe0 Drivers/STM32F3xx_HAL_Driver/Src/stm32f3xx_hal_pcd.o
                0x0000000008002728                HAL_PCD_EP_ClrStall
 .text.HAL_PCDEx_PMAConfig
                0x0000000008002808       0x40 Drivers/STM32F3xx_HAL_Driver/Src/stm32f3xx_hal_pcd_ex.o
                0x0000000008002808                HAL_PCDEx_PMAConfig
 .text.PCD_WritePMA
                0x0000000008002848       0x2c Drivers/STM32F3xx_HAL_Driver/Src/stm32f3xx_hal_pcd_ex.o
                0x0000000008002848                PCD_WritePMA
 .text.PCD_ReadPMA
                0x0000000008002874       0x34 Drivers/STM32F3xx_HAL_Driver/Src/stm32f3xx_hal_pcd_ex.o
                0x0000000008002874                PCD_ReadPMA
 .text.HAL_RCC_OscConfig
                0x00000000080028a8      0x620 Drivers/STM32F3xx_HAL_Driver/Src/stm32f3xx_hal_rcc.o
                0x00000000080028a8                HAL_RCC_OscConfig
 .text.HAL_RCC_GetSysClockFreq
                0x0000000008002ec8       0x74 Drivers/STM32F3xx_HAL_Driver/Src/stm32f3xx_hal_rcc.o
                0x0000000008002ec8                HAL_RCC_GetSysClockFreq
 .text.HAL_RCC_ClockConfig
                0x0000000008002f3c      0x1e4 Drivers/STM32F3xx_HAL_Driver/Src/stm32f3xx_hal_rcc.o
                0x0000000008002f3c                HAL_RCC_ClockConfig
 .text.HAL_RCC_GetHCLKFreq
                0x0000000008003120        0xc Drivers/STM32F3xx_HAL_Driver/Src/stm32f3xx_hal_rcc.o
                0x0000000008003120                HAL_RCC_GetHCLKFreq
 .text.HAL_RCCEx_PeriphCLKConfig
                0x000000000800312c      0x264 Drivers/STM32F3xx_HAL_Driver/Src/stm32f3xx_hal_rcc_ex.o
                0x000000000800312c                HAL_RCCEx_PeriphCLKConfig
 .text.SPI_WaitFifoStateUntilTimeout
                0x0000000008003390       0x9c Drivers/STM32F3xx_HAL_Driver/Src/stm32f3xx_hal_spi.o
 .text.SPI_WaitFlagStateUntilTimeout
                0x000000000800342c       0x90 Drivers/STM32F3xx_HAL_Driver/Src/stm32f3xx_hal_spi.o
 .text.SPI_EndRxTxTransaction
                0x00000000080034bc       0x48 Drivers/STM32F3xx_HAL_Driver/Src/stm32f3xx_hal_spi.o
 .text.HAL_SPI_Init
                0x0000000008003504       0xbc Drivers/STM32F3xx_HAL_Driver/Src/stm32f3xx_hal_spi.o
                0x0000000008003504                HAL_SPI_Init
 .text.HAL_SPI_DeInit
                0x00000000080035c0       0x2c Drivers/STM32F3xx_HAL_Driver/Src/stm32f3xx_hal_spi.o
                0x00000000080035c0                HAL_SPI_DeInit
 .text.HAL_SPI_TransmitReceive
                0x00000000080035ec      0x2cc Drivers/STM32F3xx_HAL_Driver/Src/stm32f3xx_hal_spi.o
                0x00000000080035ec                HAL_SPI_TransmitReceive
 .text.HAL_SPI_GetState
                0x00000000080038b8        0x8 Drivers/STM32F3xx_HAL_Driver/Src/stm32f3xx_hal_spi.o
                0x00000000080038b8                HAL_SPI_GetState
 .text.TIM_TI1_ConfigInputStage
                0x00000000080038c0       0x28 Drivers/STM32F3xx_HAL_Driver/Src/stm32f3xx_hal_tim.o
 .text.TIM_TI2_SetConfig
                0x00000000080038e8       0x34 Drivers/STM32F3xx_HAL_Driver/Src/stm32f3xx_hal_tim.o
 .text.TIM_TI2_ConfigInputStage
                0x000000000800391c       0x28 Drivers/STM32F3xx_HAL_Driver/Src/stm32f3xx_hal_tim.o
 .text.TIM_TI3_SetConfig
                0x0000000008003944       0x34 Drivers/STM32F3xx_HAL_Driver/Src/stm32f3xx_hal_tim.o
 .text.TIM_TI4_SetConfig
                0x0000000008003978       0x34 Drivers/STM32F3xx_HAL_Driver/Src/stm32f3xx_hal_tim.o
 .text.TIM_ITRx_SetConfig
                0x00000000080039ac       0x10 Drivers/STM32F3xx_HAL_Driver/Src/stm32f3xx_hal_tim.o
 .text.HAL_TIM_IC_MspInit
                0x00000000080039bc        0x4 Drivers/STM32F3xx_HAL_Driver/Src/stm32f3xx_hal_tim.o
                0x00000000080039bc                HAL_TIM_IC_MspInit
 .text.HAL_TIM_ReadCapturedValue
                0x00000000080039c0       0x4c Drivers/STM32F3xx_HAL_Driver/Src/stm32f3xx_hal_tim.o
                0x00000000080039c0                HAL_TIM_ReadCapturedValue
 .text.HAL_TIM_PeriodElapsedCallback
                0x0000000008003a0c        0x4 Drivers/STM32F3xx_HAL_Driver/Src/stm32f3xx_hal_tim.o
                0x0000000008003a0c                HAL_TIM_PeriodElapsedCallback
 .text.HAL_TIM_OC_DelayElapsedCallback
                0x0000000008003a10        0x4 Drivers/STM32F3xx_HAL_Driver/Src/stm32f3xx_hal_tim.o
                0x0000000008003a10                HAL_TIM_OC_DelayElapsedCallback
 .text.HAL_TIM_PWM_PulseFinishedCallback
                0x0000000008003a14        0x4 Drivers/STM32F3xx_HAL_Driver/Src/stm32f3xx_hal_tim.o
                0x0000000008003a14                HAL_TIM_PWM_PulseFinishedCallback
 .text.HAL_TIM_TriggerCallback
                0x0000000008003a18        0x4 Drivers/STM32F3xx_HAL_Driver/Src/stm32f3xx_hal_tim.o
                0x0000000008003a18                HAL_TIM_TriggerCallback
 .text.HAL_TIM_IRQHandler
                0x0000000008003a1c      0x174 Drivers/STM32F3xx_HAL_Driver/Src/stm32f3xx_hal_tim.o
                0x0000000008003a1c                HAL_TIM_IRQHandler
 .text.TIM_Base_SetConfig
                0x0000000008003b90       0xb8 Drivers/STM32F3xx_HAL_Driver/Src/stm32f3xx_hal_tim.o
                0x0000000008003b90                TIM_Base_SetConfig
 .text.HAL_TIM_Base_Init
                0x0000000008003c48       0x38 Drivers/STM32F3xx_HAL_Driver/Src/stm32f3xx_hal_tim.o
                0x0000000008003c48                HAL_TIM_Base_Init
 .text.HAL_TIM_PWM_Init
                0x0000000008003c80       0x38 Drivers/STM32F3xx_HAL_Driver/Src/stm32f3xx_hal_tim.o
                0x0000000008003c80                HAL_TIM_PWM_Init
 .text.HAL_TIM_IC_Init
                0x0000000008003cb8       0x38 Drivers/STM32F3xx_HAL_Driver/Src/stm32f3xx_hal_tim.o
                0x0000000008003cb8                HAL_TIM_IC_Init
 .text.TIM_OC1_SetConfig
                0x0000000008003cf0       0x9c Drivers/STM32F3xx_HAL_Driver/Src/stm32f3xx_hal_tim.o
                0x0000000008003cf0                TIM_OC1_SetConfig
 .text.TIM_OC2_SetConfig
                0x0000000008003d8c       0x8c Drivers/STM32F3xx_HAL_Driver/Src/stm32f3xx_hal_tim.o
                0x0000000008003d8c                TIM_OC2_SetConfig
 .text.TIM_OC3_SetConfig
                0x0000000008003e18       0x8c Drivers/STM32F3xx_HAL_Driver/Src/stm32f3xx_hal_tim.o
                0x0000000008003e18                TIM_OC3_SetConfig
 .text.TIM_OC4_SetConfig
                0x0000000008003ea4       0x6c Drivers/STM32F3xx_HAL_Driver/Src/stm32f3xx_hal_tim.o
                0x0000000008003ea4                TIM_OC4_SetConfig
 .text.TIM_TI1_SetConfig
                0x0000000008003f10       0x84 Drivers/STM32F3xx_HAL_Driver/Src/stm32f3xx_hal_tim.o
                0x0000000008003f10                TIM_TI1_SetConfig
 .text.HAL_TIM_IC_ConfigChannel
                0x0000000008003f94       0xc0 Drivers/STM32F3xx_HAL_Driver/Src/stm32f3xx_hal_tim.o
                0x0000000008003f94                HAL_TIM_IC_ConfigChannel
 .text.TIM_ETR_SetConfig
                0x0000000008004054       0x1c Drivers/STM32F3xx_HAL_Driver/Src/stm32f3xx_hal_tim.o
                0x0000000008004054                TIM_ETR_SetConfig
 .text.HAL_TIM_ConfigClockSource
                0x0000000008004070      0x120 Drivers/STM32F3xx_HAL_Driver/Src/stm32f3xx_hal_tim.o
                0x0000000008004070                HAL_TIM_ConfigClockSource
 .text.TIM_CCxChannelCmd
                0x0000000008004190       0x20 Drivers/STM32F3xx_HAL_Driver/Src/stm32f3xx_hal_tim.o
                0x0000000008004190                TIM_CCxChannelCmd
 .text.HAL_TIM_PWM_Start
                0x00000000080041b0       0x68 Drivers/STM32F3xx_HAL_Driver/Src/stm32f3xx_hal_tim.o
                0x00000000080041b0                HAL_TIM_PWM_Start
 .text.HAL_TIM_IC_Start_IT
                0x0000000008004218       0x60 Drivers/STM32F3xx_HAL_Driver/Src/stm32f3xx_hal_tim.o
                0x0000000008004218                HAL_TIM_IC_Start_IT
 .text.TIM_OC5_SetConfig
                0x0000000008004278       0x68 Drivers/STM32F3xx_HAL_Driver/Src/stm32f3xx_hal_tim_ex.o
 .text.TIM_OC6_SetConfig
                0x00000000080042e0       0x6c Drivers/STM32F3xx_HAL_Driver/Src/stm32f3xx_hal_tim_ex.o
 .text.HAL_TIM_PWM_ConfigChannel
                0x000000000800434c      0x138 Drivers/STM32F3xx_HAL_Driver/Src/stm32f3xx_hal_tim_ex.o
                0x000000000800434c                HAL_TIM_PWM_ConfigChannel
 .text.HAL_TIMEx_MasterConfigSynchronization
                0x0000000008004484       0x58 Drivers/STM32F3xx_HAL_Driver/Src/stm32f3xx_hal_tim_ex.o
                0x0000000008004484                HAL_TIMEx_MasterConfigSynchronization
 .text.HAL_TIMEx_CommutationCallback
                0x00000000080044dc        0x4 Drivers/STM32F3xx_HAL_Driver/Src/stm32f3xx_hal_tim_ex.o
                0x00000000080044dc                HAL_TIMEx_CommutationCallback
 .text.HAL_TIMEx_BreakCallback
                0x00000000080044e0        0x4 Drivers/STM32F3xx_HAL_Driver/Src/stm32f3xx_hal_tim_ex.o
                0x00000000080044e0                HAL_TIMEx_BreakCallback
 .text.USBD_CDC_DataIn
                0x00000000080044e4       0x14 Middlewares/ST/STM32_USB_Device_Library/Class/CDC/Src/usbd_cdc.o
 .text.USBD_CDC_EP0_RxReady
                0x00000000080044f8       0x28 Middlewares/ST/STM32_USB_Device_Library/Class/CDC/Src/usbd_cdc.o
 .text.USBD_CDC_GetFSCfgDesc
                0x0000000008004520        0xc Middlewares/ST/STM32_USB_Device_Library/Class/CDC/Src/usbd_cdc.o
 .text.USBD_CDC_GetHSCfgDesc
                0x000000000800452c        0xc Middlewares/ST/STM32_USB_Device_Library/Class/CDC/Src/usbd_cdc.o
 .text.USBD_CDC_GetOtherSpeedCfgDesc
                0x0000000008004538        0xc Middlewares/ST/STM32_USB_Device_Library/Class/CDC/Src/usbd_cdc.o
 .text.USBD_CDC_GetDeviceQualifierDescriptor
                0x0000000008004544        0xc Middlewares/ST/STM32_USB_Device_Library/Class/CDC/Src/usbd_cdc.o
                0x0000000008004544                USBD_CDC_GetDeviceQualifierDescriptor
 .text.USBD_CDC_DataOut
                0x0000000008004550       0x30 Middlewares/ST/STM32_USB_Device_Library/Class/CDC/Src/usbd_cdc.o
 .text.USBD_CDC_Setup
                0x0000000008004580       0x74 Middlewares/ST/STM32_USB_Device_Library/Class/CDC/Src/usbd_cdc.o
 .text.USBD_CDC_DeInit
                0x00000000080045f4       0x3c Middlewares/ST/STM32_USB_Device_Library/Class/CDC/Src/usbd_cdc.o
 .text.USBD_CDC_Init
                0x0000000008004630       0x98 Middlewares/ST/STM32_USB_Device_Library/Class/CDC/Src/usbd_cdc.o
 .text.USBD_CDC_RegisterInterface
                0x00000000080046c8       0x10 Middlewares/ST/STM32_USB_Device_Library/Class/CDC/Src/usbd_cdc.o
                0x00000000080046c8                USBD_CDC_RegisterInterface
 .text.USBD_CDC_SetTxBuffer
                0x00000000080046d8       0x10 Middlewares/ST/STM32_USB_Device_Library/Class/CDC/Src/usbd_cdc.o
                0x00000000080046d8                USBD_CDC_SetTxBuffer
 .text.USBD_CDC_SetRxBuffer
                0x00000000080046e8        0xc Middlewares/ST/STM32_USB_Device_Library/Class/CDC/Src/usbd_cdc.o
                0x00000000080046e8                USBD_CDC_SetRxBuffer
 .text.USBD_CDC_TransmitPacket
                0x00000000080046f4       0x30 Middlewares/ST/STM32_USB_Device_Library/Class/CDC/Src/usbd_cdc.o
                0x00000000080046f4                USBD_CDC_TransmitPacket
 .text.USBD_CDC_ReceivePacket
                0x0000000008004724       0x34 Middlewares/ST/STM32_USB_Device_Library/Class/CDC/Src/usbd_cdc.o
                0x0000000008004724                USBD_CDC_ReceivePacket
 .text.USBD_Init
                0x0000000008004758       0x30 Middlewares/ST/STM32_USB_Device_Library/Core/Src/usbd_core.o
                0x0000000008004758                USBD_Init
 .text.USBD_RegisterClass
                0x0000000008004788       0x10 Middlewares/ST/STM32_USB_Device_Library/Core/Src/usbd_core.o
                0x0000000008004788                USBD_RegisterClass
 .text.USBD_Start
                0x0000000008004798        0xc Middlewares/ST/STM32_USB_Device_Library/Core/Src/usbd_core.o
                0x0000000008004798                USBD_Start
 .text.USBD_SetClassConfig
                0x00000000080047a4       0x1c Middlewares/ST/STM32_USB_Device_Library/Core/Src/usbd_core.o
                0x00000000080047a4                USBD_SetClassConfig
 .text.USBD_ClrClassConfig
                0x00000000080047c0       0x10 Middlewares/ST/STM32_USB_Device_Library/Core/Src/usbd_core.o
                0x00000000080047c0                USBD_ClrClassConfig
 .text.USBD_LL_SetupStage
                0x00000000080047d0       0x5c Middlewares/ST/STM32_USB_Device_Library/Core/Src/usbd_core.o
                0x00000000080047d0                USBD_LL_SetupStage
 .text.USBD_LL_DataOutStage
                0x000000000800482c       0x68 Middlewares/ST/STM32_USB_Device_Library/Core/Src/usbd_core.o
                0x000000000800482c                USBD_LL_DataOutStage
 .text.USBD_LL_DataInStage
                0x0000000008004894       0xac Middlewares/ST/STM32_USB_Device_Library/Core/Src/usbd_core.o
                0x0000000008004894                USBD_LL_DataInStage
 .text.USBD_LL_Reset
                0x0000000008004940       0x40 Middlewares/ST/STM32_USB_Device_Library/Core/Src/usbd_core.o
                0x0000000008004940                USBD_LL_Reset
 .text.USBD_LL_SetSpeed
                0x0000000008004980        0x8 Middlewares/ST/STM32_USB_Device_Library/Core/Src/usbd_core.o
                0x0000000008004980                USBD_LL_SetSpeed
 .text.USBD_LL_Suspend
                0x0000000008004988       0x14 Middlewares/ST/STM32_USB_Device_Library/Core/Src/usbd_core.o
                0x0000000008004988                USBD_LL_Suspend
 .text.USBD_LL_Resume
                0x000000000800499c        0xc Middlewares/ST/STM32_USB_Device_Library/Core/Src/usbd_core.o
                0x000000000800499c                USBD_LL_Resume
 .text.USBD_LL_SOF
                0x00000000080049a8       0x18 Middlewares/ST/STM32_USB_Device_Library/Core/Src/usbd_core.o
                0x00000000080049a8                USBD_LL_SOF
 .text.USBD_GetLen
                0x00000000080049c0       0x14 Middlewares/ST/STM32_USB_Device_Library/Core/Src/usbd_ctlreq.o
 .text.USBD_SetFeature
                0x00000000080049d4       0x20 Middlewares/ST/STM32_USB_Device_Library/Core/Src/usbd_ctlreq.o
 .text.USBD_ParseSetupRequest
                0x00000000080049f4       0x28 Middlewares/ST/STM32_USB_Device_Library/Core/Src/usbd_ctlreq.o
                0x00000000080049f4                USBD_ParseSetupRequest
 .text.USBD_CtlError
                0x0000000008004a1c       0x14 Middlewares/ST/STM32_USB_Device_Library/Core/Src/usbd_ctlreq.o
                0x0000000008004a1c                USBD_CtlError
 .text.USBD_GetDescriptor
                0x0000000008004a30      0x130 Middlewares/ST/STM32_USB_Device_Library/Core/Src/usbd_ctlreq.o
 .text.USBD_SetAddress
                0x0000000008004b60       0x4c Middlewares/ST/STM32_USB_Device_Library/Core/Src/usbd_ctlreq.o
 .text.USBD_SetConfig
                0x0000000008004bac       0xa8 Middlewares/ST/STM32_USB_Device_Library/Core/Src/usbd_ctlreq.o
 .text.USBD_GetConfig
                0x0000000008004c54       0x3c Middlewares/ST/STM32_USB_Device_Library/Core/Src/usbd_ctlreq.o
 .text.USBD_GetStatus
                0x0000000008004c90       0x2c Middlewares/ST/STM32_USB_Device_Library/Core/Src/usbd_ctlreq.o
 .text.USBD_ClrFeature
                0x0000000008004cbc       0x30 Middlewares/ST/STM32_USB_Device_Library/Core/Src/usbd_ctlreq.o
 .text.USBD_StdDevReq
                0x0000000008004cec       0x48 Middlewares/ST/STM32_USB_Device_Library/Core/Src/usbd_ctlreq.o
                0x0000000008004cec                USBD_StdDevReq
 .text.USBD_StdItfReq
                0x0000000008004d34       0x38 Middlewares/ST/STM32_USB_Device_Library/Core/Src/usbd_ctlreq.o
                0x0000000008004d34                USBD_StdItfReq
 .text.USBD_StdEPReq
                0x0000000008004d6c      0x11c Middlewares/ST/STM32_USB_Device_Library/Core/Src/usbd_ctlreq.o
                0x0000000008004d6c                USBD_StdEPReq
 .text.USBD_GetString
                0x0000000008004e88       0x3c Middlewares/ST/STM32_USB_Device_Library/Core/Src/usbd_ctlreq.o
                0x0000000008004e88                USBD_GetString
 .text.USBD_CtlSendData
                0x0000000008004ec4       0x1c Middlewares/ST/STM32_USB_Device_Library/Core/Src/usbd_ioreq.o
                0x0000000008004ec4                USBD_CtlSendData
 .text.USBD_CtlContinueSendData
                0x0000000008004ee0       0x10 Middlewares/ST/STM32_USB_Device_Library/Core/Src/usbd_ioreq.o
                0x0000000008004ee0                USBD_CtlContinueSendData
 .text.USBD_CtlPrepareRx
                0x0000000008004ef0       0x20 Middlewares/ST/STM32_USB_Device_Library/Core/Src/usbd_ioreq.o
                0x0000000008004ef0                USBD_CtlPrepareRx
 .text.USBD_CtlContinueRx
                0x0000000008004f10       0x10 Middlewares/ST/STM32_USB_Device_Library/Core/Src/usbd_ioreq.o
                0x0000000008004f10                USBD_CtlContinueRx
 .text.USBD_CtlSendStatus
                0x0000000008004f20       0x18 Middlewares/ST/STM32_USB_Device_Library/Core/Src/usbd_ioreq.o
                0x0000000008004f20                USBD_CtlSendStatus
 .text.USBD_CtlReceiveStatus
                0x0000000008004f38       0x18 Middlewares/ST/STM32_USB_Device_Library/Core/Src/usbd_ioreq.o
                0x0000000008004f38                USBD_CtlReceiveStatus
 .text.L3GD20_Init
                0x0000000008004f50       0x48 STM32F3-Discovery/Components/l3gd20/l3gd20.o
                0x0000000008004f50                L3GD20_Init
 .text.L3GD20_DeInit
                0x0000000008004f98       0x10 STM32F3-Discovery/Components/l3gd20/l3gd20.o
                0x0000000008004f98                L3GD20_DeInit
 .text.L3GD20_ReadID
                0x0000000008004fa8       0x20 STM32F3-Discovery/Components/l3gd20/l3gd20.o
                0x0000000008004fa8                L3GD20_ReadID
 .text.L3GD20_RebootCmd
                0x0000000008004fc8       0x30 STM32F3-Discovery/Components/l3gd20/l3gd20.o
                0x0000000008004fc8                L3GD20_RebootCmd
 .text.L3GD20_LowPower
                0x0000000008004ff8       0x2c STM32F3-Discovery/Components/l3gd20/l3gd20.o
                0x0000000008004ff8                L3GD20_LowPower
 .text.L3GD20_INT1InterruptConfig
                0x0000000008005024       0x88 STM32F3-Discovery/Components/l3gd20/l3gd20.o
                0x0000000008005024                L3GD20_INT1InterruptConfig
 .text.L3GD20_EnableIT
                0x00000000080050ac       0x64 STM32F3-Discovery/Components/l3gd20/l3gd20.o
                0x00000000080050ac                L3GD20_EnableIT
 .text.L3GD20_DisableIT
                0x0000000008005110       0x58 STM32F3-Discovery/Components/l3gd20/l3gd20.o
                0x0000000008005110                L3GD20_DisableIT
 .text.L3GD20_FilterConfig
                0x0000000008005168       0x44 STM32F3-Discovery/Components/l3gd20/l3gd20.o
                0x0000000008005168                L3GD20_FilterConfig
 .text.L3GD20_FilterCmd
                0x00000000080051ac       0x44 STM32F3-Discovery/Components/l3gd20/l3gd20.o
                0x00000000080051ac                L3GD20_FilterCmd
 .text.L3GD20_ReadXYZAngRate
                0x00000000080051f0      0x160 STM32F3-Discovery/Components/l3gd20/l3gd20.o
                0x00000000080051f0                L3GD20_ReadXYZAngRate
 .text.LSM303DLHC_AccDeInit
                0x0000000008005350        0x4 STM32F3-Discovery/Components/lsm303dlhc/lsm303dlhc.o
                0x0000000008005350                LSM303DLHC_AccDeInit
 .text.LSM303DLHC_AccInit
                0x0000000008005354       0x20 STM32F3-Discovery/Components/lsm303dlhc/lsm303dlhc.o
                0x0000000008005354                LSM303DLHC_AccInit
 .text.LSM303DLHC_AccReadID
                0x0000000008005374       0x10 STM32F3-Discovery/Components/lsm303dlhc/lsm303dlhc.o
                0x0000000008005374                LSM303DLHC_AccReadID
 .text.LSM303DLHC_AccRebootCmd
                0x0000000008005384       0x1c STM32F3-Discovery/Components/lsm303dlhc/lsm303dlhc.o
                0x0000000008005384                LSM303DLHC_AccRebootCmd
 .text.LSM303DLHC_AccFilterConfig
                0x00000000080053a0       0x1c STM32F3-Discovery/Components/lsm303dlhc/lsm303dlhc.o
                0x00000000080053a0                LSM303DLHC_AccFilterConfig
 .text.LSM303DLHC_AccFilterCmd
                0x00000000080053bc       0x1c STM32F3-Discovery/Components/lsm303dlhc/lsm303dlhc.o
                0x00000000080053bc                LSM303DLHC_AccFilterCmd
 .text.LSM303DLHC_AccReadXYZ
                0x00000000080053d8      0x118 STM32F3-Discovery/Components/lsm303dlhc/lsm303dlhc.o
                0x00000000080053d8                LSM303DLHC_AccReadXYZ
 .text.LSM303DLHC_AccFilterClickCmd
                0x00000000080054f0       0x1c STM32F3-Discovery/Components/lsm303dlhc/lsm303dlhc.o
                0x00000000080054f0                LSM303DLHC_AccFilterClickCmd
 .text.LSM303DLHC_AccIT1Enable
                0x000000000800550c       0x1c STM32F3-Discovery/Components/lsm303dlhc/lsm303dlhc.o
                0x000000000800550c                LSM303DLHC_AccIT1Enable
 .text.LSM303DLHC_AccClickITEnable
                0x0000000008005528       0x44 STM32F3-Discovery/Components/lsm303dlhc/lsm303dlhc.o
                0x0000000008005528                LSM303DLHC_AccClickITEnable
 .text.LSM303DLHC_AccZClickITConfig
                0x000000000800556c       0x1c STM32F3-Discovery/Components/lsm303dlhc/lsm303dlhc.o
                0x000000000800556c                LSM303DLHC_AccZClickITConfig
 .text.LSM303DLHC_MagInit
                0x0000000008005588       0x24 STM32F3-Discovery/Components/lsm303dlhc/lsm303dlhc.o
                0x0000000008005588                LSM303DLHC_MagInit
 .text.LSM303DLHC_MagReadXYZ
                0x00000000080055ac      0x118 STM32F3-Discovery/Components/lsm303dlhc/lsm303dlhc.o
                0x00000000080055ac                LSM303DLHC_MagReadXYZ
 .text.SPIx_MspInit
                0x00000000080056c4       0x54 STM32F3-Discovery/Src/stm32f3_discovery.o
 .text.I2Cx_MspInit
                0x0000000008005718       0x50 STM32F3-Discovery/Src/stm32f3_discovery.o
 .text.SPIx_Init
                0x0000000008005768       0x50 STM32F3-Discovery/Src/stm32f3_discovery.o
 .text.SPIx_Error
                0x00000000080057b8       0x14 STM32F3-Discovery/Src/stm32f3_discovery.o
 .text.SPIx_WriteRead
                0x00000000080057cc       0x3c STM32F3-Discovery/Src/stm32f3_discovery.o
 .text.I2Cx_Init
                0x0000000008005808       0x44 STM32F3-Discovery/Src/stm32f3_discovery.o
 .text.I2Cx_Error
                0x000000000800584c       0x14 STM32F3-Discovery/Src/stm32f3_discovery.o
 .text.I2Cx_WriteData
                0x0000000008005860       0x34 STM32F3-Discovery/Src/stm32f3_discovery.o
 .text.I2Cx_ReadData
                0x0000000008005894       0x3c STM32F3-Discovery/Src/stm32f3_discovery.o
 .text.BSP_LED_Toggle
                0x00000000080058d0       0x20 STM32F3-Discovery/Src/stm32f3_discovery.o
                0x00000000080058d0                BSP_LED_Toggle
 .text.BSP_PB_GetState
                0x00000000080058f0       0x18 STM32F3-Discovery/Src/stm32f3_discovery.o
                0x00000000080058f0                BSP_PB_GetState
 .text.GYRO_IO_Init
                0x0000000008005908       0x7c STM32F3-Discovery/Src/stm32f3_discovery.o
                0x0000000008005908                GYRO_IO_Init
 .text.GYRO_IO_Write
                0x0000000008005984       0x44 STM32F3-Discovery/Src/stm32f3_discovery.o
                0x0000000008005984                GYRO_IO_Write
 .text.GYRO_IO_Read
                0x00000000080059c8       0x48 STM32F3-Discovery/Src/stm32f3_discovery.o
                0x00000000080059c8                GYRO_IO_Read
 .text.COMPASSACCELERO_IO_Init
                0x0000000008005a10       0x74 STM32F3-Discovery/Src/stm32f3_discovery.o
                0x0000000008005a10                COMPASSACCELERO_IO_Init
 .text.COMPASSACCELERO_IO_ITConfig
                0x0000000008005a84       0x50 STM32F3-Discovery/Src/stm32f3_discovery.o
                0x0000000008005a84                COMPASSACCELERO_IO_ITConfig
 .text.COMPASSACCELERO_IO_Write
                0x0000000008005ad4        0x8 STM32F3-Discovery/Src/stm32f3_discovery.o
                0x0000000008005ad4                COMPASSACCELERO_IO_Write
 .text.COMPASSACCELERO_IO_Read
                0x0000000008005adc        0x8 STM32F3-Discovery/Src/stm32f3_discovery.o
                0x0000000008005adc                COMPASSACCELERO_IO_Read
 .text.BSP_ACCELERO_Init
                0x0000000008005ae4       0x34 STM32F3-Discovery/Src/stm32f3_discovery_accelerometer.o
                0x0000000008005ae4                BSP_ACCELERO_Init
 .text.BSP_ACCELERO_GetXYZ
                0x0000000008005b18       0x14 STM32F3-Discovery/Src/stm32f3_discovery_accelerometer.o
                0x0000000008005b18                BSP_ACCELERO_GetXYZ
 .text.BSP_GYRO_Init
                0x0000000008005b2c       0x44 STM32F3-Discovery/Src/stm32f3_discovery_gyroscope.o
                0x0000000008005b2c                BSP_GYRO_Init
 .text.mapRCInput
                0x0000000008005b70       0x20 Src/main.o
 .text.MX_GPIO_Init
                0x0000000008005b90       0xcc Src/main.o
 .text.GetGyroAngRates
                0x0000000008005c5c       0xec Src/main.o
 .text.ComplementaryFilter
                0x0000000008005d48      0x180 Src/main.o
 .text.HAL_TIM_IC_CaptureCallback
                0x0000000008005ec8       0x7c Src/main.o
                0x0000000008005ec8                HAL_TIM_IC_CaptureCallback
 .text._Error_Handler
                0x0000000008005f44        0x4 Src/main.o
                0x0000000008005f44                _Error_Handler
 .text.MX_I2C1_Init
                0x0000000008005f48       0x68 Src/main.o
 .text.MX_SPI1_Init
                0x0000000008005fb0       0x54 Src/main.o
 .text.MX_TIM4_Init
                0x0000000008006004       0xc4 Src/main.o
 .text.MX_TIM2_Init
                0x00000000080060c8       0xec Src/main.o
 .text.SystemClock_Config
                0x00000000080061b4       0xb4 Src/main.o
                0x00000000080061b4                SystemClock_Config
 .text.main     0x0000000008006268      0x4ac Src/main.o
                0x0000000008006268                main
 .text.InitPid  0x0000000008006714       0x18 Src/pid.o
                0x0000000008006714                InitPid
 .text.RunPid   0x000000000800672c       0x28 Src/pid.o
                0x000000000800672c                RunPid
 .text.HAL_MspInit
                0x0000000008006754       0x7c Src/stm32f3xx_hal_msp.o
                0x0000000008006754                HAL_MspInit
 .text.HAL_I2C_MspInit
                0x00000000080067d0       0x54 Src/stm32f3xx_hal_msp.o
                0x00000000080067d0                HAL_I2C_MspInit
 .text.HAL_I2C_MspDeInit
                0x0000000008006824       0x2c Src/stm32f3xx_hal_msp.o
                0x0000000008006824                HAL_I2C_MspDeInit
 .text.HAL_SPI_MspInit
                0x0000000008006850       0x4c Src/stm32f3xx_hal_msp.o
                0x0000000008006850                HAL_SPI_MspInit
 .text.HAL_SPI_MspDeInit
                0x000000000800689c       0x28 Src/stm32f3xx_hal_msp.o
                0x000000000800689c                HAL_SPI_MspDeInit
 .text.HAL_TIM_Base_MspInit
                0x00000000080068c4       0x58 Src/stm32f3xx_hal_msp.o
                0x00000000080068c4                HAL_TIM_Base_MspInit
 .text.HAL_TIM_PWM_MspInit
                0x000000000800691c       0x28 Src/stm32f3xx_hal_msp.o
                0x000000000800691c                HAL_TIM_PWM_MspInit
 .text.HAL_TIM_MspPostInit
                0x0000000008006944       0x38 Src/stm32f3xx_hal_msp.o
                0x0000000008006944                HAL_TIM_MspPostInit
 .text.SysTick_Handler
                0x000000000800697c       0x18 Src/stm32f3xx_it.o
                0x000000000800697c                SysTick_Handler
 .text.USB_LP_CAN_RX0_IRQHandler
                0x0000000008006994       0x10 Src/stm32f3xx_it.o
                0x0000000008006994                USB_LP_CAN_RX0_IRQHandler
 .text.TIM2_IRQHandler
                0x00000000080069a4       0x10 Src/stm32f3xx_it.o
                0x00000000080069a4                TIM2_IRQHandler
 .text.SystemInit
                0x00000000080069b4       0x68 Src/system_stm32f3xx.o
                0x00000000080069b4                SystemInit
 .text.MX_USB_DEVICE_Init
                0x0000000008006a1c       0x38 Src/usb_device.o
                0x0000000008006a1c                MX_USB_DEVICE_Init
 .text.CDC_DeInit_FS
                0x0000000008006a54        0x4 Src/usbd_cdc_if.o
 .text.CDC_Control_FS
                0x0000000008006a58        0x4 Src/usbd_cdc_if.o
 .text.CDC_Receive_FS
                0x0000000008006a5c       0x48 Src/usbd_cdc_if.o
 .text.CDC_Init_FS
                0x0000000008006aa4       0x28 Src/usbd_cdc_if.o
 .text.CDC_Transmit_FS
                0x0000000008006acc       0x2c Src/usbd_cdc_if.o
                0x0000000008006acc                CDC_Transmit_FS
 .text.HAL_PCD_MspInit
                0x0000000008006af8       0x60 Src/usbd_conf.o
                0x0000000008006af8                HAL_PCD_MspInit
 .text.HAL_PCD_SetupStageCallback
                0x0000000008006b58       0x10 Src/usbd_conf.o
                0x0000000008006b58                HAL_PCD_SetupStageCallback
 .text.HAL_PCD_DataOutStageCallback
                0x0000000008006b68       0x18 Src/usbd_conf.o
                0x0000000008006b68                HAL_PCD_DataOutStageCallback
 .text.HAL_PCD_DataInStageCallback
                0x0000000008006b80       0x18 Src/usbd_conf.o
                0x0000000008006b80                HAL_PCD_DataInStageCallback
 .text.HAL_PCD_SOFCallback
                0x0000000008006b98        0xc Src/usbd_conf.o
                0x0000000008006b98                HAL_PCD_SOFCallback
 .text.HAL_PCD_ResetCallback
                0x0000000008006ba4       0x18 Src/usbd_conf.o
                0x0000000008006ba4                HAL_PCD_ResetCallback
 .text.HAL_PCD_SuspendCallback
                0x0000000008006bbc       0x20 Src/usbd_conf.o
                0x0000000008006bbc                HAL_PCD_SuspendCallback
 .text.HAL_PCD_ResumeCallback
                0x0000000008006bdc        0xc Src/usbd_conf.o
                0x0000000008006bdc                HAL_PCD_ResumeCallback
 .text.USBD_LL_Init
                0x0000000008006be8       0x90 Src/usbd_conf.o
                0x0000000008006be8                USBD_LL_Init
 .text.USBD_LL_Start
                0x0000000008006c78       0x20 Src/usbd_conf.o
                0x0000000008006c78                USBD_LL_Start
 .text.USBD_LL_OpenEP
                0x0000000008006c98       0x24 Src/usbd_conf.o
                0x0000000008006c98                USBD_LL_OpenEP
 .text.USBD_LL_CloseEP
                0x0000000008006cbc       0x20 Src/usbd_conf.o
                0x0000000008006cbc                USBD_LL_CloseEP
 .text.USBD_LL_StallEP
                0x0000000008006cdc       0x20 Src/usbd_conf.o
                0x0000000008006cdc                USBD_LL_StallEP
 .text.USBD_LL_ClearStallEP
                0x0000000008006cfc       0x20 Src/usbd_conf.o
                0x0000000008006cfc                USBD_LL_ClearStallEP
 .text.USBD_LL_IsStallEP
                0x0000000008006d1c       0x30 Src/usbd_conf.o
                0x0000000008006d1c                USBD_LL_IsStallEP
 .text.USBD_LL_SetUSBAddress
                0x0000000008006d4c       0x20 Src/usbd_conf.o
                0x0000000008006d4c                USBD_LL_SetUSBAddress
 .text.USBD_LL_Transmit
                0x0000000008006d6c       0x20 Src/usbd_conf.o
                0x0000000008006d6c                USBD_LL_Transmit
 .text.USBD_LL_PrepareReceive
                0x0000000008006d8c       0x20 Src/usbd_conf.o
                0x0000000008006d8c                USBD_LL_PrepareReceive
 .text.USBD_LL_GetRxDataSize
                0x0000000008006dac        0xc Src/usbd_conf.o
                0x0000000008006dac                USBD_LL_GetRxDataSize
 .text.USBD_static_malloc
                0x0000000008006db8        0x8 Src/usbd_conf.o
                0x0000000008006db8                USBD_static_malloc
 .text.USBD_static_free
                0x0000000008006dc0        0x4 Src/usbd_conf.o
                0x0000000008006dc0                USBD_static_free
 .text.HAL_PCDEx_SetConnectionState
                0x0000000008006dc4        0x4 Src/usbd_conf.o
                0x0000000008006dc4                HAL_PCDEx_SetConnectionState
 .text.USBD_FS_DeviceDescriptor
                0x0000000008006dc8        0xc Src/usbd_desc.o
                0x0000000008006dc8                USBD_FS_DeviceDescriptor
 .text.USBD_FS_LangIDStrDescriptor
                0x0000000008006dd4        0xc Src/usbd_desc.o
                0x0000000008006dd4                USBD_FS_LangIDStrDescriptor
 .text.USBD_FS_ProductStrDescriptor
                0x0000000008006de0       0x24 Src/usbd_desc.o
                0x0000000008006de0                USBD_FS_ProductStrDescriptor
 .text.USBD_FS_ManufacturerStrDescriptor
                0x0000000008006e04       0x1c Src/usbd_desc.o
                0x0000000008006e04                USBD_FS_ManufacturerStrDescriptor
 .text.USBD_FS_SerialStrDescriptor
                0x0000000008006e20       0x24 Src/usbd_desc.o
                0x0000000008006e20                USBD_FS_SerialStrDescriptor
 .text.USBD_FS_ConfigStrDescriptor
                0x0000000008006e44       0x24 Src/usbd_desc.o
                0x0000000008006e44                USBD_FS_ConfigStrDescriptor
 .text.USBD_FS_InterfaceStrDescriptor
                0x0000000008006e68       0x24 Src/usbd_desc.o
                0x0000000008006e68                USBD_FS_InterfaceStrDescriptor
 .text.Reset_Handler
                0x0000000008006e8c       0x50 startup/startup_stm32f303xc.o
                0x0000000008006e8c                Reset_Handler
 .text.Default_Handler
                0x0000000008006edc        0x2 startup/startup_stm32f303xc.o
                0x0000000008006edc                TIM1_BRK_TIM15_IRQHandler
                0x0000000008006edc                TIM8_TRG_COM_IRQHandler
                0x0000000008006edc                TIM8_CC_IRQHandler
                0x0000000008006edc                DebugMon_Handler
                0x0000000008006edc                TIM1_CC_IRQHandler
                0x0000000008006edc                HardFault_Handler
                0x0000000008006edc                USB_HP_IRQHandler
                0x0000000008006edc                PVD_IRQHandler
                0x0000000008006edc                TAMP_STAMP_IRQHandler
                0x0000000008006edc                PendSV_Handler
                0x0000000008006edc                NMI_Handler
                0x0000000008006edc                EXTI3_IRQHandler
                0x0000000008006edc                USB_HP_CAN_TX_IRQHandler
                0x0000000008006edc                EXTI0_IRQHandler
                0x0000000008006edc                I2C2_EV_IRQHandler
                0x0000000008006edc                FPU_IRQHandler
                0x0000000008006edc                TIM1_UP_TIM16_IRQHandler
                0x0000000008006edc                UsageFault_Handler
                0x0000000008006edc                ADC1_2_IRQHandler
                0x0000000008006edc                SPI1_IRQHandler
                0x0000000008006edc                CAN_SCE_IRQHandler
                0x0000000008006edc                TIM6_DAC_IRQHandler
                0x0000000008006edc                TIM8_UP_IRQHandler
                0x0000000008006edc                DMA2_Channel2_IRQHandler
                0x0000000008006edc                DMA1_Channel4_IRQHandler
                0x0000000008006edc                USART3_IRQHandler
                0x0000000008006edc                DMA1_Channel7_IRQHandler
                0x0000000008006edc                UART5_IRQHandler
                0x0000000008006edc                ADC3_IRQHandler
                0x0000000008006edc                TIM4_IRQHandler
                0x0000000008006edc                CAN_RX1_IRQHandler
                0x0000000008006edc                DMA2_Channel1_IRQHandler
                0x0000000008006edc                I2C1_EV_IRQHandler
                0x0000000008006edc                DMA1_Channel6_IRQHandler
                0x0000000008006edc                UART4_IRQHandler
                0x0000000008006edc                DMA2_Channel4_IRQHandler
                0x0000000008006edc                TIM3_IRQHandler
                0x0000000008006edc                RCC_IRQHandler
                0x0000000008006edc                DMA1_Channel1_IRQHandler
                0x0000000008006edc                Default_Handler
                0x0000000008006edc                USBWakeUp_RMP_IRQHandler
                0x0000000008006edc                EXTI15_10_IRQHandler
                0x0000000008006edc                TIM7_IRQHandler
                0x0000000008006edc                EXTI9_5_IRQHandler
                0x0000000008006edc                RTC_WKUP_IRQHandler
                0x0000000008006edc                SPI2_IRQHandler
                0x0000000008006edc                MemManage_Handler
                0x0000000008006edc                SVC_Handler
                0x0000000008006edc                DMA2_Channel5_IRQHandler
                0x0000000008006edc                DMA1_Channel5_IRQHandler
                0x0000000008006edc                USB_LP_IRQHandler
                0x0000000008006edc                EXTI4_IRQHandler
                0x0000000008006edc                TIM1_TRG_COM_TIM17_IRQHandler
                0x0000000008006edc                DMA1_Channel3_IRQHandler
                0x0000000008006edc                ADC4_IRQHandler
                0x0000000008006edc                WWDG_IRQHandler
                0x0000000008006edc                COMP7_IRQHandler
                0x0000000008006edc                COMP1_2_3_IRQHandler
                0x0000000008006edc                EXTI1_IRQHandler
                0x0000000008006edc                USART2_IRQHandler
                0x0000000008006edc                COMP4_5_6_IRQHandler
                0x0000000008006edc                I2C2_ER_IRQHandler
                0x0000000008006edc                DMA1_Channel2_IRQHandler
                0x0000000008006edc                TIM8_BRK_IRQHandler
                0x0000000008006edc                FLASH_IRQHandler
                0x0000000008006edc                BusFault_Handler
                0x0000000008006edc                USART1_IRQHandler
                0x0000000008006edc                SPI3_IRQHandler
                0x0000000008006edc                I2C1_ER_IRQHandler
                0x0000000008006edc                USBWakeUp_IRQHandler
                0x0000000008006edc                DMA2_Channel3_IRQHandler
                0x0000000008006edc                EXTI2_TSC_IRQHandler
                0x0000000008006edc                RTC_Alarm_IRQHandler
 *fill*         0x0000000008006ede        0x2 
 .text.atan2f   0x0000000008006ee0        0x4 /Applications/Ac6/SystemWorkbench.app/Contents/Eclipse/plugins/fr.ac6.mcu.externaltools.arm-none.macos64_1.13.1.201707031232/tools/compiler/bin/../lib/gcc/arm-none-eabi/5.4.1/../../../../arm-none-eabi/lib/armv7e-m/fpu/libm.a(lib_a-wf_atan2.o)
                0x0000000008006ee0                atan2f
 .text.__ieee754_atan2f
                0x0000000008006ee4      0x16c /Applications/Ac6/SystemWorkbench.app/Contents/Eclipse/plugins/fr.ac6.mcu.externaltools.arm-none.macos64_1.13.1.201707031232/tools/compiler/bin/../lib/gcc/arm-none-eabi/5.4.1/../../../../arm-none-eabi/lib/armv7e-m/fpu/libm.a(lib_a-ef_atan2.o)
                0x0000000008006ee4                __ieee754_atan2f
 .text.atanf    0x0000000008007050      0x1b8 /Applications/Ac6/SystemWorkbench.app/Contents/Eclipse/plugins/fr.ac6.mcu.externaltools.arm-none.macos64_1.13.1.201707031232/tools/compiler/bin/../lib/gcc/arm-none-eabi/5.4.1/../../../../arm-none-eabi/lib/armv7e-m/fpu/libm.a(lib_a-sf_atan.o)
                0x0000000008007050                atanf
 .text.fabsf    0x0000000008007208       0x10 /Applications/Ac6/SystemWorkbench.app/Contents/Eclipse/plugins/fr.ac6.mcu.externaltools.arm-none.macos64_1.13.1.201707031232/tools/compiler/bin/../lib/gcc/arm-none-eabi/5.4.1/../../../../arm-none-eabi/lib/armv7e-m/fpu/libm.a(lib_a-sf_fabs.o)
                0x0000000008007208                fabsf
 .text.__libc_init_array
                0x0000000008007218       0x4c /Applications/Ac6/SystemWorkbench.app/Contents/Eclipse/plugins/fr.ac6.mcu.externaltools.arm-none.macos64_1.13.1.201707031232/tools/compiler/bin/../lib/gcc/arm-none-eabi/5.4.1/../../../../arm-none-eabi/lib/armv7e-m/fpu/libc_nano.a(lib_a-init.o)
                0x0000000008007218                __libc_init_array
 .text.memcpy   0x0000000008007264       0x16 /Applications/Ac6/SystemWorkbench.app/Contents/Eclipse/plugins/fr.ac6.mcu.externaltools.arm-none.macos64_1.13.1.201707031232/tools/compiler/bin/../lib/gcc/arm-none-eabi/5.4.1/../../../../arm-none-eabi/lib/armv7e-m/fpu/libc_nano.a(lib_a-memcpy-stub.o)
                0x0000000008007264                memcpy
 *fill*         0x000000000800727a        0x2 
 .text.sprintf  0x000000000800727c       0x48 /Applications/Ac6/SystemWorkbench.app/Contents/Eclipse/plugins/fr.ac6.mcu.externaltools.arm-none.macos64_1.13.1.201707031232/tools/compiler/bin/../lib/gcc/arm-none-eabi/5.4.1/../../../../arm-none-eabi/lib/armv7e-m/fpu/libc_nano.a(lib_a-sprintf.o)
                0x000000000800727c                sprintf
                0x000000000800727c                siprintf
 .text._strtol_l.isra.0
                0x00000000080072c4      0x110 /Applications/Ac6/SystemWorkbench.app/Contents/Eclipse/plugins/fr.ac6.mcu.externaltools.arm-none.macos64_1.13.1.201707031232/tools/compiler/bin/../lib/gcc/arm-none-eabi/5.4.1/../../../../arm-none-eabi/lib/armv7e-m/fpu/libc_nano.a(lib_a-strtol.o)
 .text.strtol   0x00000000080073d4       0x2c /Applications/Ac6/SystemWorkbench.app/Contents/Eclipse/plugins/fr.ac6.mcu.externaltools.arm-none.macos64_1.13.1.201707031232/tools/compiler/bin/../lib/gcc/arm-none-eabi/5.4.1/../../../../arm-none-eabi/lib/armv7e-m/fpu/libc_nano.a(lib_a-strtol.o)
                0x00000000080073d4                strtol
 .text.__locale_ctype_ptr_l
                0x0000000008007400        0x6 /Applications/Ac6/SystemWorkbench.app/Contents/Eclipse/plugins/fr.ac6.mcu.externaltools.arm-none.macos64_1.13.1.201707031232/tools/compiler/bin/../lib/gcc/arm-none-eabi/5.4.1/../../../../arm-none-eabi/lib/armv7e-m/fpu/libc_nano.a(lib_a-locale.o)
                0x0000000008007400                __locale_ctype_ptr_l
 .text.__ascii_mbtowc
                0x0000000008007406       0x24 /Applications/Ac6/SystemWorkbench.app/Contents/Eclipse/plugins/fr.ac6.mcu.externaltools.arm-none.macos64_1.13.1.201707031232/tools/compiler/bin/../lib/gcc/arm-none-eabi/5.4.1/../../../../arm-none-eabi/lib/armv7e-m/fpu/libc_nano.a(lib_a-mbtowc_r.o)
                0x0000000008007406                __ascii_mbtowc
 .text.__ssputs_r
                0x000000000800742a       0xb2 /Applications/Ac6/SystemWorkbench.app/Contents/Eclipse/plugins/fr.ac6.mcu.externaltools.arm-none.macos64_1.13.1.201707031232/tools/compiler/bin/../lib/gcc/arm-none-eabi/5.4.1/../../../../arm-none-eabi/lib/armv7e-m/fpu/libc_nano.a(lib_a-nano-svfprintf.o)
                0x000000000800742a                __ssputs_r
 .text._svfprintf_r
                0x00000000080074dc      0x1e8 /Applications/Ac6/SystemWorkbench.app/Contents/Eclipse/plugins/fr.ac6.mcu.externaltools.arm-none.macos64_1.13.1.201707031232/tools/compiler/bin/../lib/gcc/arm-none-eabi/5.4.1/../../../../arm-none-eabi/lib/armv7e-m/fpu/libc_nano.a(lib_a-nano-svfprintf.o)
                0x00000000080074dc                _svfprintf_r
                0x00000000080074dc                _svfiprintf_r
 .text._printf_common
                0x00000000080076c4       0xec /Applications/Ac6/SystemWorkbench.app/Contents/Eclipse/plugins/fr.ac6.mcu.externaltools.arm-none.macos64_1.13.1.201707031232/tools/compiler/bin/../lib/gcc/arm-none-eabi/5.4.1/../../../../arm-none-eabi/lib/armv7e-m/fpu/libc_nano.a(lib_a-nano-vfprintf_i.o)
                0x00000000080076c4                _printf_common
 .text._printf_i
                0x00000000080077b0      0x24c /Applications/Ac6/SystemWorkbench.app/Contents/Eclipse/plugins/fr.ac6.mcu.externaltools.arm-none.macos64_1.13.1.201707031232/tools/compiler/bin/../lib/gcc/arm-none-eabi/5.4.1/../../../../arm-none-eabi/lib/armv7e-m/fpu/libc_nano.a(lib_a-nano-vfprintf_i.o)
                0x00000000080077b0                _printf_i
 .text.__ascii_wctomb
                0x00000000080079fc       0x1a /Applications/Ac6/SystemWorkbench.app/Contents/Eclipse/plugins/fr.ac6.mcu.externaltools.arm-none.macos64_1.13.1.201707031232/tools/compiler/bin/../lib/gcc/arm-none-eabi/5.4.1/../../../../arm-none-eabi/lib/armv7e-m/fpu/libc_nano.a(lib_a-wctomb_r.o)
                0x00000000080079fc                __ascii_wctomb
 .text.memmove  0x0000000008007a16       0x36 /Applications/Ac6/SystemWorkbench.app/Contents/Eclipse/plugins/fr.ac6.mcu.externaltools.arm-none.macos64_1.13.1.201707031232/tools/compiler/bin/../lib/gcc/arm-none-eabi/5.4.1/../../../../arm-none-eabi/lib/armv7e-m/fpu/libc_nano.a(lib_a-memmove.o)
                0x0000000008007a16                memmove
 .text._free_r  0x0000000008007a4c       0x9c /Applications/Ac6/SystemWorkbench.app/Contents/Eclipse/plugins/fr.ac6.mcu.externaltools.arm-none.macos64_1.13.1.201707031232/tools/compiler/bin/../lib/gcc/arm-none-eabi/5.4.1/../../../../arm-none-eabi/lib/armv7e-m/fpu/libc_nano.a(lib_a-nano-freer.o)
                0x0000000008007a4c                _free_r
 .text._malloc_r
                0x0000000008007ae8       0xbc /Applications/Ac6/SystemWorkbench.app/Contents/Eclipse/plugins/fr.ac6.mcu.externaltools.arm-none.macos64_1.13.1.201707031232/tools/compiler/bin/../lib/gcc/arm-none-eabi/5.4.1/../../../../arm-none-eabi/lib/armv7e-m/fpu/libc_nano.a(lib_a-nano-mallocr.o)
                0x0000000008007ae8                _malloc_r
 .text._realloc_r
                0x0000000008007ba4       0x4c /Applications/Ac6/SystemWorkbench.app/Contents/Eclipse/plugins/fr.ac6.mcu.externaltools.arm-none.macos64_1.13.1.201707031232/tools/compiler/bin/../lib/gcc/arm-none-eabi/5.4.1/../../../../arm-none-eabi/lib/armv7e-m/fpu/libc_nano.a(lib_a-nano-reallocr.o)
                0x0000000008007ba4                _realloc_r
 .text._sbrk_r  0x0000000008007bf0       0x20 /Applications/Ac6/SystemWorkbench.app/Contents/Eclipse/plugins/fr.ac6.mcu.externaltools.arm-none.macos64_1.13.1.201707031232/tools/compiler/bin/../lib/gcc/arm-none-eabi/5.4.1/../../../../arm-none-eabi/lib/armv7e-m/fpu/libc_nano.a(lib_a-sbrkr.o)
                0x0000000008007bf0                _sbrk_r
 .text.__malloc_lock
                0x0000000008007c10        0x2 /Applications/Ac6/SystemWorkbench.app/Contents/Eclipse/plugins/fr.ac6.mcu.externaltools.arm-none.macos64_1.13.1.201707031232/tools/compiler/bin/../lib/gcc/arm-none-eabi/5.4.1/../../../../arm-none-eabi/lib/armv7e-m/fpu/libc_nano.a(lib_a-mlock.o)
                0x0000000008007c10                __malloc_lock
 .text.__malloc_unlock
                0x0000000008007c12        0x2 /Applications/Ac6/SystemWorkbench.app/Contents/Eclipse/plugins/fr.ac6.mcu.externaltools.arm-none.macos64_1.13.1.201707031232/tools/compiler/bin/../lib/gcc/arm-none-eabi/5.4.1/../../../../arm-none-eabi/lib/armv7e-m/fpu/libc_nano.a(lib_a-mlock.o)
                0x0000000008007c12                __malloc_unlock
 .text._malloc_usable_size_r
                0x0000000008007c14       0x14 /Applications/Ac6/SystemWorkbench.app/Contents/Eclipse/plugins/fr.ac6.mcu.externaltools.arm-none.macos64_1.13.1.201707031232/tools/compiler/bin/../lib/gcc/arm-none-eabi/5.4.1/../../../../arm-none-eabi/lib/armv7e-m/fpu/libc_nano.a(lib_a-nano-msizer.o)
                0x0000000008007c14                _malloc_usable_size_r
 .text._sbrk    0x0000000008007c28       0x1c /Applications/Ac6/SystemWorkbench.app/Contents/Eclipse/plugins/fr.ac6.mcu.externaltools.arm-none.macos64_1.13.1.201707031232/tools/compiler/bin/../lib/gcc/arm-none-eabi/5.4.1/../../../../arm-none-eabi/lib/armv7e-m/fpu/libnosys.a(sbrk.o)
                0x0000000008007c28                _sbrk
 *(.glue_7)
 .glue_7        0x0000000008007c44        0x0 linker stubs
 *(.glue_7t)
 .glue_7t       0x0000000008007c44        0x0 linker stubs
 *(.eh_frame)
 .eh_frame      0x0000000008007c44        0x0 /Applications/Ac6/SystemWorkbench.app/Contents/Eclipse/plugins/fr.ac6.mcu.externaltools.arm-none.macos64_1.13.1.201707031232/tools/compiler/bin/../lib/gcc/arm-none-eabi/5.4.1/armv7e-m/fpu/crtbegin.o
 *(.init)
 .init          0x0000000008007c44        0x4 /Applications/Ac6/SystemWorkbench.app/Contents/Eclipse/plugins/fr.ac6.mcu.externaltools.arm-none.macos64_1.13.1.201707031232/tools/compiler/bin/../lib/gcc/arm-none-eabi/5.4.1/armv7e-m/fpu/crti.o
                0x0000000008007c44                _init
 .init          0x0000000008007c48        0x8 /Applications/Ac6/SystemWorkbench.app/Contents/Eclipse/plugins/fr.ac6.mcu.externaltools.arm-none.macos64_1.13.1.201707031232/tools/compiler/bin/../lib/gcc/arm-none-eabi/5.4.1/armv7e-m/fpu/crtn.o
 *(.fini)
 .fini          0x0000000008007c50        0x4 /Applications/Ac6/SystemWorkbench.app/Contents/Eclipse/plugins/fr.ac6.mcu.externaltools.arm-none.macos64_1.13.1.201707031232/tools/compiler/bin/../lib/gcc/arm-none-eabi/5.4.1/armv7e-m/fpu/crti.o
                0x0000000008007c50                _fini
 .fini          0x0000000008007c54        0x8 /Applications/Ac6/SystemWorkbench.app/Contents/Eclipse/plugins/fr.ac6.mcu.externaltools.arm-none.macos64_1.13.1.201707031232/tools/compiler/bin/../lib/gcc/arm-none-eabi/5.4.1/armv7e-m/fpu/crtn.o
                0x0000000008007c5c                . = ALIGN (0x4)
                0x0000000008007c5c                _etext = .

.vfp11_veneer   0x0000000008007c5c        0x0
 .vfp11_veneer  0x0000000008007c5c        0x0 linker stubs

.v4_bx          0x0000000008007c5c        0x0
 .v4_bx         0x0000000008007c5c        0x0 linker stubs

.iplt           0x0000000008007c5c        0x0
 .iplt          0x0000000008007c5c        0x0 /Applications/Ac6/SystemWorkbench.app/Contents/Eclipse/plugins/fr.ac6.mcu.externaltools.arm-none.macos64_1.13.1.201707031232/tools/compiler/bin/../lib/gcc/arm-none-eabi/5.4.1/armv7e-m/fpu/crtbegin.o

.rodata         0x0000000008007c5c      0x294
                0x0000000008007c5c                . = ALIGN (0x4)
 *(.rodata)
 .rodata        0x0000000008007c5c       0x20 Drivers/STM32F3xx_HAL_Driver/Src/stm32f3xx_hal_rcc.o
                0x0000000008007c5c                aPLLMULFactorTable
                0x0000000008007c6c                aPredivFactorTable
 .rodata        0x0000000008007c7c        0x6 STM32F3-Discovery/Components/lsm303dlhc/lsm303dlhc.o
 *fill*         0x0000000008007c82        0x2 
 .rodata        0x0000000008007c84       0x16 STM32F3-Discovery/Src/stm32f3_discovery.o
                0x0000000008007c84                LED_PIN
                0x0000000008007c94                BUTTON_IRQn
                0x0000000008007c98                BUTTON_PIN
 *fill*         0x0000000008007c9a        0x2 
 .rodata        0x0000000008007c9c       0x18 Src/system_stm32f3xx.o
                0x0000000008007c9c                AHBPrescTable
                0x0000000008007cac                APBPrescTable
 *(.rodata*)
 .rodata.str1.4
                0x0000000008007cb4       0x6e Src/main.o
 *fill*         0x0000000008007d22        0x2 
 .rodata.str1.4
                0x0000000008007d24       0x13 Src/usbd_conf.o
 *fill*         0x0000000008007d37        0x1 
 .rodata.str1.4
                0x0000000008007d38       0x58 Src/usbd_desc.o
                                         0x56 (size before relaxing)
 .rodata.atanlo
                0x0000000008007d90       0x10 /Applications/Ac6/SystemWorkbench.app/Contents/Eclipse/plugins/fr.ac6.mcu.externaltools.arm-none.macos64_1.13.1.201707031232/tools/compiler/bin/../lib/gcc/arm-none-eabi/5.4.1/../../../../arm-none-eabi/lib/armv7e-m/fpu/libm.a(lib_a-sf_atan.o)
 .rodata.atanhi
                0x0000000008007da0       0x10 /Applications/Ac6/SystemWorkbench.app/Contents/Eclipse/plugins/fr.ac6.mcu.externaltools.arm-none.macos64_1.13.1.201707031232/tools/compiler/bin/../lib/gcc/arm-none-eabi/5.4.1/../../../../arm-none-eabi/lib/armv7e-m/fpu/libm.a(lib_a-sf_atan.o)
 .rodata.str1.1
                0x0000000008007db0        0xa /Applications/Ac6/SystemWorkbench.app/Contents/Eclipse/plugins/fr.ac6.mcu.externaltools.arm-none.macos64_1.13.1.201707031232/tools/compiler/bin/../lib/gcc/arm-none-eabi/5.4.1/../../../../arm-none-eabi/lib/armv7e-m/fpu/libc_nano.a(lib_a-locale.o)
                                          0xb (size before relaxing)
 .rodata.str1.1
                0x0000000008007dba       0x11 /Applications/Ac6/SystemWorkbench.app/Contents/Eclipse/plugins/fr.ac6.mcu.externaltools.arm-none.macos64_1.13.1.201707031232/tools/compiler/bin/../lib/gcc/arm-none-eabi/5.4.1/../../../../arm-none-eabi/lib/armv7e-m/fpu/libc_nano.a(lib_a-nano-svfprintf.o)
 .rodata.str1.1
                0x0000000008007dcb       0x22 /Applications/Ac6/SystemWorkbench.app/Contents/Eclipse/plugins/fr.ac6.mcu.externaltools.arm-none.macos64_1.13.1.201707031232/tools/compiler/bin/../lib/gcc/arm-none-eabi/5.4.1/../../../../arm-none-eabi/lib/armv7e-m/fpu/libc_nano.a(lib_a-nano-vfprintf_i.o)
 .rodata._ctype_
                0x0000000008007ded      0x101 /Applications/Ac6/SystemWorkbench.app/Contents/Eclipse/plugins/fr.ac6.mcu.externaltools.arm-none.macos64_1.13.1.201707031232/tools/compiler/bin/../lib/gcc/arm-none-eabi/5.4.1/../../../../arm-none-eabi/lib/armv7e-m/fpu/libc_nano.a(lib_a-ctype_.o)
                0x0000000008007ded                _ctype_
                0x0000000008007ef0                . = ALIGN (0x4)
 *fill*         0x0000000008007eee        0x2 

.rel.dyn        0x0000000008007ef0        0x0
 .rel.iplt      0x0000000008007ef0        0x0 /Applications/Ac6/SystemWorkbench.app/Contents/Eclipse/plugins/fr.ac6.mcu.externaltools.arm-none.macos64_1.13.1.201707031232/tools/compiler/bin/../lib/gcc/arm-none-eabi/5.4.1/armv7e-m/fpu/crtbegin.o

.ARM.extab
 *(.ARM.extab* .gnu.linkonce.armextab.*)

.ARM            0x0000000008007ef0        0x0
                0x0000000008007ef0                __exidx_start = .
 *(.ARM.exidx*)
                0x0000000008007ef0                __exidx_end = .

.preinit_array  0x0000000008007ef0        0x0
                0x0000000008007ef0                PROVIDE (__preinit_array_start, .)
 *(.preinit_array*)
                0x0000000008007ef0                PROVIDE (__preinit_array_end, .)

.init_array     0x0000000008007ef0        0x4
                0x0000000008007ef0                PROVIDE (__init_array_start, .)
 *(SORT(.init_array.*))
 *(.init_array*)
 .init_array    0x0000000008007ef0        0x4 /Applications/Ac6/SystemWorkbench.app/Contents/Eclipse/plugins/fr.ac6.mcu.externaltools.arm-none.macos64_1.13.1.201707031232/tools/compiler/bin/../lib/gcc/arm-none-eabi/5.4.1/armv7e-m/fpu/crtbegin.o
                0x0000000008007ef4                PROVIDE (__init_array_end, .)

.fini_array     0x0000000008007ef4        0x4
                [!provide]                        PROVIDE (__fini_array_start, .)
 *(SORT(.fini_array.*))
 *(.fini_array*)
 .fini_array    0x0000000008007ef4        0x4 /Applications/Ac6/SystemWorkbench.app/Contents/Eclipse/plugins/fr.ac6.mcu.externaltools.arm-none.macos64_1.13.1.201707031232/tools/compiler/bin/../lib/gcc/arm-none-eabi/5.4.1/armv7e-m/fpu/crtbegin.o
                [!provide]                        PROVIDE (__fini_array_end, .)
                0x0000000008007ef8                _sidata = LOADADDR (.data)

.data           0x0000000020000000      0x3c0 load address 0x0000000008007ef8
                0x0000000020000000                . = ALIGN (0x4)
                0x0000000020000000                _sdata = .
 *(.data)
 .data          0x0000000020000000      0x110 Middlewares/ST/STM32_USB_Device_Library/Class/CDC/Src/usbd_cdc.o
                0x0000000020000000                USBD_CDC_CfgFSDesc
                0x0000000020000044                USBD_CDC_CfgHSDesc
                0x0000000020000088                USBD_CDC_OtherSpeedCfgDesc
                0x00000000200000d8                USBD_CDC
 .data          0x0000000020000110       0x34 STM32F3-Discovery/Components/l3gd20/l3gd20.o
                0x0000000020000110                L3gd20Drv
 .data          0x0000000020000144       0x34 STM32F3-Discovery/Components/lsm303dlhc/lsm303dlhc.o
                0x0000000020000144                Lsm303dlhcDrv
 .data          0x0000000020000178       0x2c STM32F3-Discovery/Src/stm32f3_discovery.o
                0x0000000020000178                SpixTimeout
                0x000000002000017c                I2cxTimeout
                0x0000000020000180                LED_PORT
                0x00000000200001a0                BUTTON_PORT
 .data          0x00000000200001a4        0x4 Src/main.o
                0x00000000200001a4                pulseWidth
 .data          0x00000000200001a8        0x4 Src/system_stm32f3xx.o
                0x00000000200001a8                SystemCoreClock
 .data          0x00000000200001ac       0x10 Src/usbd_cdc_if.o
                0x00000000200001ac                USBD_Interface_fops_FS
 .data          0x00000000200001bc       0x34 Src/usbd_desc.o
                0x00000000200001bc                USBD_FS_DeviceDesc
                0x00000000200001d0                USBD_LangIDDesc
                0x00000000200001d4                FS_Desc
 *(.data*)
 .data.impure_data
                0x00000000200001f0       0x60 /Applications/Ac6/SystemWorkbench.app/Contents/Eclipse/plugins/fr.ac6.mcu.externaltools.arm-none.macos64_1.13.1.201707031232/tools/compiler/bin/../lib/gcc/arm-none-eabi/5.4.1/../../../../arm-none-eabi/lib/armv7e-m/fpu/libc_nano.a(lib_a-impure.o)
 .data._impure_ptr
                0x0000000020000250        0x4 /Applications/Ac6/SystemWorkbench.app/Contents/Eclipse/plugins/fr.ac6.mcu.externaltools.arm-none.macos64_1.13.1.201707031232/tools/compiler/bin/../lib/gcc/arm-none-eabi/5.4.1/../../../../arm-none-eabi/lib/armv7e-m/fpu/libc_nano.a(lib_a-impure.o)
                0x0000000020000250                _impure_ptr
 .data.__global_locale
                0x0000000020000254      0x16c /Applications/Ac6/SystemWorkbench.app/Contents/Eclipse/plugins/fr.ac6.mcu.externaltools.arm-none.macos64_1.13.1.201707031232/tools/compiler/bin/../lib/gcc/arm-none-eabi/5.4.1/../../../../arm-none-eabi/lib/armv7e-m/fpu/libc_nano.a(lib_a-locale.o)
                0x0000000020000254                __global_locale
                0x00000000200003c0                . = ALIGN (0x4)
                0x00000000200003c0                _edata = .
                0x00000000080082b8                _siccmram = LOADADDR (.ccmram)

.jcr            0x00000000200003c0        0x0 load address 0x00000000080082b8
 .jcr           0x00000000200003c0        0x0 /Applications/Ac6/SystemWorkbench.app/Contents/Eclipse/plugins/fr.ac6.mcu.externaltools.arm-none.macos64_1.13.1.201707031232/tools/compiler/bin/../lib/gcc/arm-none-eabi/5.4.1/armv7e-m/fpu/crtbegin.o

.igot.plt       0x00000000200003c0        0x0 load address 0x00000000080082b8
 .igot.plt      0x00000000200003c0        0x0 /Applications/Ac6/SystemWorkbench.app/Contents/Eclipse/plugins/fr.ac6.mcu.externaltools.arm-none.macos64_1.13.1.201707031232/tools/compiler/bin/../lib/gcc/arm-none-eabi/5.4.1/armv7e-m/fpu/crtbegin.o

.ccmram         0x0000000010000000        0x0 load address 0x00000000080082b8
                0x0000000010000000                . = ALIGN (0x4)
                0x0000000010000000                _sccmram = .
 *(.ccmram)
 *(.ccmram*)
                0x0000000010000000                . = ALIGN (0x4)
                0x0000000010000000                _eccmram = .
                0x0000000010000000                . = ALIGN (0x4)

.bss            0x00000000200003c0     0x11bc
                0x00000000200003c0                _sbss = .
                0x00000000200003c0                __bss_start__ = _sbss
 *(.bss)
 .bss           0x00000000200003c0       0x1c /Applications/Ac6/SystemWorkbench.app/Contents/Eclipse/plugins/fr.ac6.mcu.externaltools.arm-none.macos64_1.13.1.201707031232/tools/compiler/bin/../lib/gcc/arm-none-eabi/5.4.1/armv7e-m/fpu/crtbegin.o
 .bss           0x00000000200003dc        0x1 Middlewares/ST/STM32_USB_Device_Library/Class/CDC/Src/usbd_cdc.o
 .bss           0x00000000200003dd        0x1 Middlewares/ST/STM32_USB_Device_Library/Core/Src/usbd_ctlreq.o
 *fill*         0x00000000200003de        0x2 
 .bss           0x00000000200003e0       0xb0 STM32F3-Discovery/Src/stm32f3_discovery.o
 .bss           0x0000000020000490        0x4 STM32F3-Discovery/Src/stm32f3_discovery_accelerometer.o
 .bss           0x0000000020000494        0x4 STM32F3-Discovery/Src/stm32f3_discovery_gyroscope.o
 .bss           0x0000000020000498       0x26 Src/main.o
                0x0000000020000498                millis
                0x000000002000049c                micros
                0x00000000200004a0                lastMicros
                0x00000000200004a4                deltaMillis
                0x00000000200004a8                deltaSeconds
                0x00000000200004ac                throttleOutput
                0x00000000200004ae                pitchOutput
                0x00000000200004b0                rollOutput
                0x00000000200004b2                yawOutput
                0x00000000200004b4                commandLength
                0x00000000200004b6                usbRXBufferTail
                0x00000000200004b8                hasUnprocessedCommand
                0x00000000200004ba                usbRXBufferHead
                0x00000000200004bc                counter
 *fill*         0x00000000200004be        0x2 
 .bss           0x00000000200004c0      0x220 Src/usbd_conf.o
 *(.bss*)
 .bss.__malloc_sbrk_start
                0x00000000200006e0        0x4 /Applications/Ac6/SystemWorkbench.app/Contents/Eclipse/plugins/fr.ac6.mcu.externaltools.arm-none.macos64_1.13.1.201707031232/tools/compiler/bin/../lib/gcc/arm-none-eabi/5.4.1/../../../../arm-none-eabi/lib/armv7e-m/fpu/libc_nano.a(lib_a-nano-mallocr.o)
                0x00000000200006e0                __malloc_sbrk_start
 .bss.__malloc_free_list
                0x00000000200006e4        0x4 /Applications/Ac6/SystemWorkbench.app/Contents/Eclipse/plugins/fr.ac6.mcu.externaltools.arm-none.macos64_1.13.1.201707031232/tools/compiler/bin/../lib/gcc/arm-none-eabi/5.4.1/../../../../arm-none-eabi/lib/armv7e-m/fpu/libc_nano.a(lib_a-nano-mallocr.o)
                0x00000000200006e4                __malloc_free_list
 .bss.heap_end.4169
                0x00000000200006e8        0x4 /Applications/Ac6/SystemWorkbench.app/Contents/Eclipse/plugins/fr.ac6.mcu.externaltools.arm-none.macos64_1.13.1.201707031232/tools/compiler/bin/../lib/gcc/arm-none-eabi/5.4.1/../../../../arm-none-eabi/lib/armv7e-m/fpu/libnosys.a(sbrk.o)
 *(COMMON)
 COMMON         0x00000000200006ec        0x4 Drivers/STM32F3xx_HAL_Driver/Src/stm32f3xx_hal.o
                0x00000000200006ec                uwTick
 COMMON         0x00000000200006f0      0x63c Src/main.o
                0x00000000200006f0                accBuffer
                0x00000000200006f8                htim4
                0x0000000020000738                hi2c1
                0x0000000020000784                command
                0x00000000200007c4                usbRXBuffer
                0x00000000200009c4                magBuffer
                0x00000000200009cc                targetRates
                0x00000000200009d8                hspi1
                0x0000000020000a3c                htim2
                0x0000000020000a7c                yaw
                0x0000000020000a80                pitch
                0x0000000020000a84                roll
                0x0000000020000a88                pwmInputs
                0x0000000020000ad8                outbuffer
                0x0000000020000cd8                pids
                0x0000000020000d20                gyroBuffer
 COMMON         0x0000000020000d2c      0x224 Src/usb_device.o
                0x0000000020000d2c                hUsbDeviceFS
 COMMON         0x0000000020000f50       0x80 Src/usbd_cdc_if.o
                0x0000000020000f50                UserRxBufferFS
                0x0000000020000f90                UserTxBufferFS
 COMMON         0x0000000020000fd0      0x3a8 Src/usbd_conf.o
                0x0000000020000fd0                hpcd_USB_FS
 COMMON         0x0000000020001378      0x200 Src/usbd_desc.o
                0x0000000020001378                USBD_StrDesc
 COMMON         0x0000000020001578        0x4 /Applications/Ac6/SystemWorkbench.app/Contents/Eclipse/plugins/fr.ac6.mcu.externaltools.arm-none.macos64_1.13.1.201707031232/tools/compiler/bin/../lib/gcc/arm-none-eabi/5.4.1/../../../../arm-none-eabi/lib/armv7e-m/fpu/libc_nano.a(lib_a-reent.o)
                0x0000000020001578                errno
                0x000000002000157c                . = ALIGN (0x4)
                0x000000002000157c                _ebss = .
                0x000000002000157c                __bss_end__ = _ebss

._user_heap_stack
                0x000000002000157c      0x604
                0x0000000020001580                . = ALIGN (0x8)
 *fill*         0x000000002000157c        0x4 
                0x0000000020001580                PROVIDE (end, .)
                [!provide]                        PROVIDE (_end, .)
                0x0000000020001780                . = (. + _Min_Heap_Size)
 *fill*         0x0000000020001580      0x200 
                0x0000000020001b80                . = (. + _Min_Stack_Size)
 *fill*         0x0000000020001780      0x400 
                0x0000000020001b80                . = ALIGN (0x8)

/DISCARD/
 libc.a(*)
 libm.a(*)
 libgcc.a(*)

.ARM.attributes
                0x0000000000000000       0x30
 *(.ARM.attributes)
 .ARM.attributes
                0x0000000000000000       0x22 /Applications/Ac6/SystemWorkbench.app/Contents/Eclipse/plugins/fr.ac6.mcu.externaltools.arm-none.macos64_1.13.1.201707031232/tools/compiler/bin/../lib/gcc/arm-none-eabi/5.4.1/armv7e-m/fpu/crti.o
 .ARM.attributes
                0x0000000000000022       0x34 /Applications/Ac6/SystemWorkbench.app/Contents/Eclipse/plugins/fr.ac6.mcu.externaltools.arm-none.macos64_1.13.1.201707031232/tools/compiler/bin/../lib/gcc/arm-none-eabi/5.4.1/armv7e-m/fpu/crtbegin.o
 .ARM.attributes
                0x0000000000000056       0x39 Drivers/STM32F3xx_HAL_Driver/Src/stm32f3xx_hal.o
 .ARM.attributes
                0x000000000000008f       0x39 Drivers/STM32F3xx_HAL_Driver/Src/stm32f3xx_hal_cortex.o
 .ARM.attributes
                0x00000000000000c8       0x39 Drivers/STM32F3xx_HAL_Driver/Src/stm32f3xx_hal_gpio.o
 .ARM.attributes
                0x0000000000000101       0x39 Drivers/STM32F3xx_HAL_Driver/Src/stm32f3xx_hal_i2c.o
 .ARM.attributes
                0x000000000000013a       0x39 Drivers/STM32F3xx_HAL_Driver/Src/stm32f3xx_hal_i2c_ex.o
 .ARM.attributes
                0x0000000000000173       0x39 Drivers/STM32F3xx_HAL_Driver/Src/stm32f3xx_hal_pcd.o
 .ARM.attributes
                0x00000000000001ac       0x39 Drivers/STM32F3xx_HAL_Driver/Src/stm32f3xx_hal_pcd_ex.o
 .ARM.attributes
                0x00000000000001e5       0x39 Drivers/STM32F3xx_HAL_Driver/Src/stm32f3xx_hal_rcc.o
 .ARM.attributes
                0x000000000000021e       0x39 Drivers/STM32F3xx_HAL_Driver/Src/stm32f3xx_hal_rcc_ex.o
 .ARM.attributes
                0x0000000000000257       0x39 Drivers/STM32F3xx_HAL_Driver/Src/stm32f3xx_hal_spi.o
 .ARM.attributes
                0x0000000000000290       0x39 Drivers/STM32F3xx_HAL_Driver/Src/stm32f3xx_hal_tim.o
 .ARM.attributes
                0x00000000000002c9       0x39 Drivers/STM32F3xx_HAL_Driver/Src/stm32f3xx_hal_tim_ex.o
 .ARM.attributes
                0x0000000000000302       0x39 Middlewares/ST/STM32_USB_Device_Library/Class/CDC/Src/usbd_cdc.o
 .ARM.attributes
                0x000000000000033b       0x39 Middlewares/ST/STM32_USB_Device_Library/Core/Src/usbd_core.o
 .ARM.attributes
                0x0000000000000374       0x39 Middlewares/ST/STM32_USB_Device_Library/Core/Src/usbd_ctlreq.o
 .ARM.attributes
                0x00000000000003ad       0x39 Middlewares/ST/STM32_USB_Device_Library/Core/Src/usbd_ioreq.o
 .ARM.attributes
                0x00000000000003e6       0x39 STM32F3-Discovery/Components/l3gd20/l3gd20.o
 .ARM.attributes
                0x000000000000041f       0x39 STM32F3-Discovery/Components/lsm303dlhc/lsm303dlhc.o
 .ARM.attributes
                0x0000000000000458       0x39 STM32F3-Discovery/Src/stm32f3_discovery.o
 .ARM.attributes
                0x0000000000000491       0x39 STM32F3-Discovery/Src/stm32f3_discovery_accelerometer.o
 .ARM.attributes
                0x00000000000004ca       0x39 STM32F3-Discovery/Src/stm32f3_discovery_gyroscope.o
 .ARM.attributes
                0x0000000000000503       0x39 Src/main.o
 .ARM.attributes
                0x000000000000053c       0x39 Src/pid.o
 .ARM.attributes
                0x0000000000000575       0x39 Src/stm32f3xx_hal_msp.o
 .ARM.attributes
                0x00000000000005ae       0x39 Src/stm32f3xx_it.o
 .ARM.attributes
                0x00000000000005e7       0x39 Src/system_stm32f3xx.o
 .ARM.attributes
                0x0000000000000620       0x39 Src/usb_device.o
 .ARM.attributes
                0x0000000000000659       0x39 Src/usbd_cdc_if.o
 .ARM.attributes
                0x0000000000000692       0x39 Src/usbd_conf.o
 .ARM.attributes
                0x00000000000006cb       0x39 Src/usbd_desc.o
 .ARM.attributes
                0x0000000000000704       0x21 startup/startup_stm32f303xc.o
 .ARM.attributes
                0x0000000000000725       0x34 /Applications/Ac6/SystemWorkbench.app/Contents/Eclipse/plugins/fr.ac6.mcu.externaltools.arm-none.macos64_1.13.1.201707031232/tools/compiler/bin/../lib/gcc/arm-none-eabi/5.4.1/../../../../arm-none-eabi/lib/armv7e-m/fpu/libm.a(lib_a-wf_atan2.o)
 .ARM.attributes
                0x0000000000000759       0x34 /Applications/Ac6/SystemWorkbench.app/Contents/Eclipse/plugins/fr.ac6.mcu.externaltools.arm-none.macos64_1.13.1.201707031232/tools/compiler/bin/../lib/gcc/arm-none-eabi/5.4.1/../../../../arm-none-eabi/lib/armv7e-m/fpu/libm.a(lib_a-ef_atan2.o)
 .ARM.attributes
                0x000000000000078d       0x34 /Applications/Ac6/SystemWorkbench.app/Contents/Eclipse/plugins/fr.ac6.mcu.externaltools.arm-none.macos64_1.13.1.201707031232/tools/compiler/bin/../lib/gcc/arm-none-eabi/5.4.1/../../../../arm-none-eabi/lib/armv7e-m/fpu/libm.a(lib_a-sf_atan.o)
 .ARM.attributes
                0x00000000000007c1       0x34 /Applications/Ac6/SystemWorkbench.app/Contents/Eclipse/plugins/fr.ac6.mcu.externaltools.arm-none.macos64_1.13.1.201707031232/tools/compiler/bin/../lib/gcc/arm-none-eabi/5.4.1/../../../../arm-none-eabi/lib/armv7e-m/fpu/libm.a(lib_a-sf_fabs.o)
 .ARM.attributes
                0x00000000000007f5       0x22 /Applications/Ac6/SystemWorkbench.app/Contents/Eclipse/plugins/fr.ac6.mcu.externaltools.arm-none.macos64_1.13.1.201707031232/tools/compiler/bin/../lib/gcc/arm-none-eabi/5.4.1/armv7e-m/fpu/libgcc.a(_arm_addsubdf3.o)
 .ARM.attributes
                0x0000000000000817       0x22 /Applications/Ac6/SystemWorkbench.app/Contents/Eclipse/plugins/fr.ac6.mcu.externaltools.arm-none.macos64_1.13.1.201707031232/tools/compiler/bin/../lib/gcc/arm-none-eabi/5.4.1/armv7e-m/fpu/libgcc.a(_arm_muldivdf3.o)
 .ARM.attributes
                0x0000000000000839       0x22 /Applications/Ac6/SystemWorkbench.app/Contents/Eclipse/plugins/fr.ac6.mcu.externaltools.arm-none.macos64_1.13.1.201707031232/tools/compiler/bin/../lib/gcc/arm-none-eabi/5.4.1/armv7e-m/fpu/libgcc.a(_arm_truncdfsf2.o)
 .ARM.attributes
                0x000000000000085b       0x34 /Applications/Ac6/SystemWorkbench.app/Contents/Eclipse/plugins/fr.ac6.mcu.externaltools.arm-none.macos64_1.13.1.201707031232/tools/compiler/bin/../lib/gcc/arm-none-eabi/5.4.1/../../../../arm-none-eabi/lib/armv7e-m/fpu/libc_nano.a(lib_a-impure.o)
 .ARM.attributes
                0x000000000000088f       0x34 /Applications/Ac6/SystemWorkbench.app/Contents/Eclipse/plugins/fr.ac6.mcu.externaltools.arm-none.macos64_1.13.1.201707031232/tools/compiler/bin/../lib/gcc/arm-none-eabi/5.4.1/../../../../arm-none-eabi/lib/armv7e-m/fpu/libc_nano.a(lib_a-init.o)
 .ARM.attributes
                0x00000000000008c3       0x34 /Applications/Ac6/SystemWorkbench.app/Contents/Eclipse/plugins/fr.ac6.mcu.externaltools.arm-none.macos64_1.13.1.201707031232/tools/compiler/bin/../lib/gcc/arm-none-eabi/5.4.1/../../../../arm-none-eabi/lib/armv7e-m/fpu/libc_nano.a(lib_a-memcpy-stub.o)
 .ARM.attributes
                0x00000000000008f7       0x34 /Applications/Ac6/SystemWorkbench.app/Contents/Eclipse/plugins/fr.ac6.mcu.externaltools.arm-none.macos64_1.13.1.201707031232/tools/compiler/bin/../lib/gcc/arm-none-eabi/5.4.1/../../../../arm-none-eabi/lib/armv7e-m/fpu/libc_nano.a(lib_a-sprintf.o)
 .ARM.attributes
                0x000000000000092b       0x20 /Applications/Ac6/SystemWorkbench.app/Contents/Eclipse/plugins/fr.ac6.mcu.externaltools.arm-none.macos64_1.13.1.201707031232/tools/compiler/bin/../lib/gcc/arm-none-eabi/5.4.1/../../../../arm-none-eabi/lib/armv7e-m/fpu/libc_nano.a(lib_a-strcmp.o)
 .ARM.attributes
                0x000000000000094b       0x1b /Applications/Ac6/SystemWorkbench.app/Contents/Eclipse/plugins/fr.ac6.mcu.externaltools.arm-none.macos64_1.13.1.201707031232/tools/compiler/bin/../lib/gcc/arm-none-eabi/5.4.1/../../../../arm-none-eabi/lib/armv7e-m/fpu/libc_nano.a(lib_a-strlen.o)
 .ARM.attributes
                0x0000000000000966       0x34 /Applications/Ac6/SystemWorkbench.app/Contents/Eclipse/plugins/fr.ac6.mcu.externaltools.arm-none.macos64_1.13.1.201707031232/tools/compiler/bin/../lib/gcc/arm-none-eabi/5.4.1/../../../../arm-none-eabi/lib/armv7e-m/fpu/libc_nano.a(lib_a-strtol.o)
 .ARM.attributes
                0x000000000000099a       0x34 /Applications/Ac6/SystemWorkbench.app/Contents/Eclipse/plugins/fr.ac6.mcu.externaltools.arm-none.macos64_1.13.1.201707031232/tools/compiler/bin/../lib/gcc/arm-none-eabi/5.4.1/../../../../arm-none-eabi/lib/armv7e-m/fpu/libc_nano.a(lib_a-locale.o)
 .ARM.attributes
                0x00000000000009ce       0x34 /Applications/Ac6/SystemWorkbench.app/Contents/Eclipse/plugins/fr.ac6.mcu.externaltools.arm-none.macos64_1.13.1.201707031232/tools/compiler/bin/../lib/gcc/arm-none-eabi/5.4.1/../../../../arm-none-eabi/lib/armv7e-m/fpu/libc_nano.a(lib_a-mbtowc_r.o)
 .ARM.attributes
                0x0000000000000a02       0x34 /Applications/Ac6/SystemWorkbench.app/Contents/Eclipse/plugins/fr.ac6.mcu.externaltools.arm-none.macos64_1.13.1.201707031232/tools/compiler/bin/../lib/gcc/arm-none-eabi/5.4.1/../../../../arm-none-eabi/lib/armv7e-m/fpu/libc_nano.a(lib_a-nano-svfprintf.o)
 .ARM.attributes
                0x0000000000000a36       0x34 /Applications/Ac6/SystemWorkbench.app/Contents/Eclipse/plugins/fr.ac6.mcu.externaltools.arm-none.macos64_1.13.1.201707031232/tools/compiler/bin/../lib/gcc/arm-none-eabi/5.4.1/../../../../arm-none-eabi/lib/armv7e-m/fpu/libc_nano.a(lib_a-nano-vfprintf_i.o)
 .ARM.attributes
                0x0000000000000a6a       0x34 /Applications/Ac6/SystemWorkbench.app/Contents/Eclipse/plugins/fr.ac6.mcu.externaltools.arm-none.macos64_1.13.1.201707031232/tools/compiler/bin/../lib/gcc/arm-none-eabi/5.4.1/../../../../arm-none-eabi/lib/armv7e-m/fpu/libc_nano.a(lib_a-wctomb_r.o)
 .ARM.attributes
                0x0000000000000a9e       0x34 /Applications/Ac6/SystemWorkbench.app/Contents/Eclipse/plugins/fr.ac6.mcu.externaltools.arm-none.macos64_1.13.1.201707031232/tools/compiler/bin/../lib/gcc/arm-none-eabi/5.4.1/../../../../arm-none-eabi/lib/armv7e-m/fpu/libc_nano.a(lib_a-ctype_.o)
 .ARM.attributes
                0x0000000000000ad2       0x20 /Applications/Ac6/SystemWorkbench.app/Contents/Eclipse/plugins/fr.ac6.mcu.externaltools.arm-none.macos64_1.13.1.201707031232/tools/compiler/bin/../lib/gcc/arm-none-eabi/5.4.1/../../../../arm-none-eabi/lib/armv7e-m/fpu/libc_nano.a(lib_a-memchr.o)
 .ARM.attributes
                0x0000000000000af2       0x34 /Applications/Ac6/SystemWorkbench.app/Contents/Eclipse/plugins/fr.ac6.mcu.externaltools.arm-none.macos64_1.13.1.201707031232/tools/compiler/bin/../lib/gcc/arm-none-eabi/5.4.1/../../../../arm-none-eabi/lib/armv7e-m/fpu/libc_nano.a(lib_a-memmove.o)
 .ARM.attributes
                0x0000000000000b26       0x34 /Applications/Ac6/SystemWorkbench.app/Contents/Eclipse/plugins/fr.ac6.mcu.externaltools.arm-none.macos64_1.13.1.201707031232/tools/compiler/bin/../lib/gcc/arm-none-eabi/5.4.1/../../../../arm-none-eabi/lib/armv7e-m/fpu/libc_nano.a(lib_a-nano-freer.o)
 .ARM.attributes